Component: Arm Compiler for Embedded 6.18 Tool: armlink [5e4cc100]

==============================================================================

Section Cross References

    startup_stm32f103xb.o(RESET) refers to startup_stm32f103xb.o(STACK) for __initial_sp
    startup_stm32f103xb.o(RESET) refers to startup_stm32f103xb.o(.text) for Reset_Handler
    startup_stm32f103xb.o(RESET) refers to stm32f1xx_it.o(.text.NMI_Handler) for NMI_Handler
    startup_stm32f103xb.o(RESET) refers to stm32f1xx_it.o(.text.HardFault_Handler) for HardFault_Handler
    startup_stm32f103xb.o(RESET) refers to stm32f1xx_it.o(.text.MemManage_Handler) for MemManage_Handler
    startup_stm32f103xb.o(RESET) refers to stm32f1xx_it.o(.text.BusFault_Handler) for BusFault_Handler
    startup_stm32f103xb.o(RESET) refers to stm32f1xx_it.o(.text.UsageFault_Handler) for UsageFault_Handler
    startup_stm32f103xb.o(RESET) refers to stm32f1xx_it.o(.text.SVC_Handler) for SVC_Handler
    startup_stm32f103xb.o(RESET) refers to stm32f1xx_it.o(.text.DebugMon_Handler) for DebugMon_Handler
    startup_stm32f103xb.o(RESET) refers to stm32f1xx_it.o(.text.PendSV_Handler) for PendSV_Handler
    startup_stm32f103xb.o(RESET) refers to stm32f1xx_it.o(.text.SysTick_Handler) for SysTick_Handler
    startup_stm32f103xb.o(RESET) refers to stm32f1xx_it.o(.text.EXTI0_IRQHandler) for EXTI0_IRQHandler
    startup_stm32f103xb.o(RESET) refers to stm32f1xx_it.o(.text.EXTI3_IRQHandler) for EXTI3_IRQHandler
    startup_stm32f103xb.o(RESET) refers to stm32f1xx_it.o(.text.EXTI4_IRQHandler) for EXTI4_IRQHandler
    startup_stm32f103xb.o(RESET) refers to stm32f1xx_it.o(.text.USB_LP_CAN1_RX0_IRQHandler) for USB_LP_CAN1_RX0_IRQHandler
    startup_stm32f103xb.o(RESET) refers to stm32f1xx_it.o(.text.EXTI9_5_IRQHandler) for EXTI9_5_IRQHandler
    startup_stm32f103xb.o(RESET) refers to stm32f1xx_it.o(.text.TIM1_UP_IRQHandler) for TIM1_UP_IRQHandler
    startup_stm32f103xb.o(RESET) refers to stm32f1xx_it.o(.text.TIM2_IRQHandler) for TIM2_IRQHandler
    startup_stm32f103xb.o(RESET) refers to stm32f1xx_it.o(.text.TIM3_IRQHandler) for TIM3_IRQHandler
    startup_stm32f103xb.o(RESET) refers to stm32f1xx_it.o(.text.EXTI15_10_IRQHandler) for EXTI15_10_IRQHandler
    startup_stm32f103xb.o(.text) refers to system_stm32f1xx.o(.text.SystemInit) for SystemInit
    startup_stm32f103xb.o(.text) refers to entry.o(.ARM.Collect$$$$00000000) for __main
    s83_lcd.o(.ARM.exidx.text.LCD_write_command) refers to s83_lcd.o(.text.LCD_write_command) for [Anonymous Symbol]
    s83_lcd.o(.ARM.exidx.text.LCD_write_data) refers to s83_lcd.o(.text.LCD_write_data) for [Anonymous Symbol]
    s83_lcd.o(.ARM.exidx.text.LCD_set_window) refers to s83_lcd.o(.text.LCD_set_window) for [Anonymous Symbol]
    s83_lcd.o(.ARM.exidx.text.LCD_Init_pins) refers to s83_lcd.o(.text.LCD_Init_pins) for [Anonymous Symbol]
    s83_lcd.o(.text.LCD_Init_ILI9481) refers to stm32f1xx_hal.o(.text.HAL_Delay) for HAL_Delay
    s83_lcd.o(.ARM.exidx.text.LCD_Init_ILI9481) refers to s83_lcd.o(.text.LCD_Init_ILI9481) for [Anonymous Symbol]
    s83_lcd.o(.text.set_data_595lcd) refers to s83_lcd.o(.bss.brightness_lcd) for brightness_lcd
    s83_lcd.o(.text.set_data_595lcd) refers to s83_lcd.o(.bss.lcd_on) for lcd_on
    s83_lcd.o(.text.set_data_595lcd) refers to stm32f1xx_hal_gpio.o(.text.HAL_GPIO_WritePin) for HAL_GPIO_WritePin
    s83_lcd.o(.ARM.exidx.text.set_data_595lcd) refers to s83_lcd.o(.text.set_data_595lcd) for [Anonymous Symbol]
    s83_lcd.o(.ARM.exidx.text.no_kosiak) refers to s83_lcd.o(.text.no_kosiak) for [Anonymous Symbol]
    s83_lcd.o(.text.set_lcd_brightness) refers to s83_lcd.o(.bss.brightness_lcd) for brightness_lcd
    s83_lcd.o(.text.set_lcd_brightness) refers to s83_lcd.o(.text.set_data_595lcd) for set_data_595lcd
    s83_lcd.o(.ARM.exidx.text.set_lcd_brightness) refers to s83_lcd.o(.text.set_lcd_brightness) for [Anonymous Symbol]
    s83_lcd.o(.text.lcd_backlight_on) refers to s83_lcd.o(.bss.lcd_on) for lcd_on
    s83_lcd.o(.text.lcd_backlight_on) refers to s83_lcd.o(.text.set_data_595lcd) for set_data_595lcd
    s83_lcd.o(.ARM.exidx.text.lcd_backlight_on) refers to s83_lcd.o(.text.lcd_backlight_on) for [Anonymous Symbol]
    s83_lcd.o(.text.lcd_backlight_off) refers to s83_lcd.o(.bss.lcd_on) for lcd_on
    s83_lcd.o(.text.lcd_backlight_off) refers to s83_lcd.o(.text.set_data_595lcd) for set_data_595lcd
    s83_lcd.o(.ARM.exidx.text.lcd_backlight_off) refers to s83_lcd.o(.text.lcd_backlight_off) for [Anonymous Symbol]
    s83_keyboard.o(.text.S83_volume_UP) refers to s83_keyboard.o(.bss.buttons_out) for buttons_out
    s83_keyboard.o(.text.S83_volume_UP) refers to s83_variables.o(.bss.TX_Buffer) for TX_Buffer
    s83_keyboard.o(.text.S83_volume_UP) refers to usb_device.o(.bss.hUsbDeviceFS) for hUsbDeviceFS
    s83_keyboard.o(.text.S83_volume_UP) refers to usbd_customhid.o(.text.USBD_CUSTOM_HID_SendReport) for USBD_CUSTOM_HID_SendReport
[...]
    [Anonymous Symbol]                       0x080027aa   Section        0  stm32f1xx_hal_tim.o(.text.HAL_TIM_Base_Stop)
    [Anonymous Symbol]                       0x080027da   Section        0  stm32f1xx_hal_tim.o(.text.HAL_TIM_Base_Stop_IT)
    [Anonymous Symbol]                       0x08002804   Section        0  stm32f1xx_hal_tim.o(.text.HAL_TIM_ConfigClockSource)
    [Anonymous Symbol]                       0x080029cc   Section        0  stm32f1xx_hal_tim.o(.text.HAL_TIM_IC_CaptureCallback)
    [Anonymous Symbol]                       0x080029ce   Section        0  stm32f1xx_hal_tim.o(.text.HAL_TIM_IRQHandler)
    [Anonymous Symbol]                       0x08002b38   Section        0  stm32f1xx_hal_tim.o(.text.HAL_TIM_OC_DelayElapsedCallback)
    [Anonymous Symbol]                       0x08002b3a   Section        0  stm32f1xx_hal_tim.o(.text.HAL_TIM_PWM_PulseFinishedCallback)
    [Anonymous Symbol]                       0x08002b3c   Section        0  stm32f1xx_hal_tim.o(.text.HAL_TIM_PeriodElapsedCallback)
    [Anonymous Symbol]                       0x08002b3e   Section        0  stm32f1xx_hal_tim.o(.text.HAL_TIM_TriggerCallback)
    [Anonymous Symbol]                       0x08002b40   Section        0  stm32f1xx_it.o(.text.HardFault_Handler)
    [Anonymous Symbol]                       0x08002b42   Section        0  s83_lcd.o(.text.LCD_Init_ILI9481)
    [Anonymous Symbol]                       0x08002f0a   Section        0  s83_lcd.o(.text.LCD_set_window)
    [Anonymous Symbol]                       0x08002fce   Section        0  gpio.o(.text.MX_GPIO_Init)
    [Anonymous Symbol]                       0x0800312e   Section        0  tim.o(.text.MX_TIM1_Init)
    [Anonymous Symbol]                       0x080031b8   Section        0  tim.o(.text.MX_TIM2_Init)
    [Anonymous Symbol]                       0x0800323c   Section        0  tim.o(.text.MX_TIM3_Init)
    [Anonymous Symbol]                       0x080032c6   Section        0  usb_device.o(.text.MX_USB_DEVICE_Init)
    [Anonymous Symbol]                       0x08003308   Section        0  stm32f1xx_it.o(.text.MemManage_Handler)
    [Anonymous Symbol]                       0x0800330a   Section        0  stm32f1xx_it.o(.text.NMI_Handler)
    [Anonymous Symbol]                       0x0800330c   Section        0  stm32f1xx_it.o(.text.PendSV_Handler)
    [Anonymous Symbol]                       0x0800330e   Section        0  s83_keyboard.o(.text.S83_buttons_read)
    [Anonymous Symbol]                       0x0800337e   Section        0  s83_keyboard.o(.text.S83_buttons_send)
    [Anonymous Symbol]                       0x080033ac   Section        0  s83_keyboard.o(.text.S83_cursor_DOWN)
    [Anonymous Symbol]                       0x080033dc   Section        0  s83_keyboard.o(.text.S83_cursor_UP)
    [Anonymous Symbol]                       0x0800340c   Section        0  s83_keyboard.o(.text.S83_volume_DOWN)
    [Anonymous Symbol]                       0x0800343c   Section        0  s83_keyboard.o(.text.S83_volume_UP)
    [Anonymous Symbol]                       0x0800346c   Section        0  stm32f1xx_it.o(.text.SVC_Handler)
    [Anonymous Symbol]                       0x0800346e   Section        0  stm32f1xx_it.o(.text.Switch_TIMER_2_mode_1)
    [Anonymous Symbol]                       0x08003488   Section        0  stm32f1xx_it.o(.text.Switch_TIMER_2_mode_2)
    [Anonymous Symbol]                       0x080034a2   Section        0  stm32f1xx_it.o(.text.SysTick_Handler)
    [Anonymous Symbol]                       0x080034b0   Section        0  main.o(.text.SystemClock_Config)
    [Anonymous Symbol]                       0x08003536   Section        0  system_stm32f1xx.o(.text.SystemInit)
    [Anonymous Symbol]                       0x08003586   Section        0  stm32f1xx_it.o(.text.TIM1_UP_IRQHandler)
    [Anonymous Symbol]                       0x0800362c   Section        0  stm32f1xx_it.o(.text.TIM2_IRQHandler)
    [Anonymous Symbol]                       0x080036bc   Section        0  stm32f1xx_it.o(.text.TIM3_IRQHandler)
    [Anonymous Symbol]                       0x08003710   Section        0  stm32f1xx_hal_tim.o(.text.TIM_Base_SetConfig)
    USBD_CUSTOM_HID_DataIn                   0x0800379b   Thumb Code    14  usbd_customhid.o(.text.USBD_CUSTOM_HID_DataIn)
    [Anonymous Symbol]                       0x0800379a   Section        0  usbd_customhid.o(.text.USBD_CUSTOM_HID_DataIn)
    USBD_CUSTOM_HID_DataOut                  0x080037a9   Thumb Code    36  usbd_customhid.o(.text.USBD_CUSTOM_HID_DataOut)
    [Anonymous Symbol]                       0x080037a8   Section        0  usbd_customhid.o(.text.USBD_CUSTOM_HID_DataOut)
    USBD_CUSTOM_HID_DeInit                   0x080037cd   Thumb Code    50  usbd_customhid.o(.text.USBD_CUSTOM_HID_DeInit)
    [Anonymous Symbol]                       0x080037cc   Section        0  usbd_customhid.o(.text.USBD_CUSTOM_HID_DeInit)
    USBD_CUSTOM_HID_EP0_RxReady              0x080037ff   Thumb Code    32  usbd_customhid.o(.text.USBD_CUSTOM_HID_EP0_RxReady)
    [Anonymous Symbol]                       0x080037fe   Section        0  usbd_customhid.o(.text.USBD_CUSTOM_HID_EP0_RxReady)
    USBD_CUSTOM_HID_GetCfgDesc               0x0800381f   Thumb Code    16  usbd_customhid.o(.text.USBD_CUSTOM_HID_GetCfgDesc)
    [Anonymous Symbol]                       0x0800381e   Section        0  usbd_customhid.o(.text.USBD_CUSTOM_HID_GetCfgDesc)
    USBD_CUSTOM_HID_GetDeviceQualifierDesc   0x0800382f   Thumb Code    16  usbd_customhid.o(.text.USBD_CUSTOM_HID_GetDeviceQualifierDesc)
    [Anonymous Symbol]                       0x0800382e   Section        0  usbd_customhid.o(.text.USBD_CUSTOM_HID_GetDeviceQualifierDesc)
    USBD_CUSTOM_HID_Init                     0x0800383f   Thumb Code    72  usbd_customhid.o(.text.USBD_CUSTOM_HID_Init)
    [Anonymous Symbol]                       0x0800383e   Section        0  usbd_customhid.o(.text.USBD_CUSTOM_HID_Init)
    [Anonymous Symbol]                       0x08003886   Section        0  usbd_customhid.o(.text.USBD_CUSTOM_HID_RegisterInterface)
    [Anonymous Symbol]                       0x08003894   Section        0  usbd_customhid.o(.text.USBD_CUSTOM_HID_SendReport)
    USBD_CUSTOM_HID_Setup                    0x080038c1   Thumb Code   178  usbd_customhid.o(.text.USBD_CUSTOM_HID_Setup)
    [Anonymous Symbol]                       0x080038c0   Section        0  usbd_customhid.o(.text.USBD_CUSTOM_HID_Setup)
    [Anonymous Symbol]                       0x08003972   Section        0  usbd_core.o(.text.USBD_ClrClassConfig)
    [Anonymous Symbol]                       0x08003980   Section        0  usbd_ioreq.o(.text.USBD_CtlContinueRx)
    [Anonymous Symbol]                       0x08003990   Section        0  usbd_ioreq.o(.text.USBD_CtlContinueSendData)
    [Anonymous Symbol]                       0x080039a0   Section        0  usbd_ctlreq.o(.text.USBD_CtlError)
    [Anonymous Symbol]                       0x080039b6   Section        0  usbd_ioreq.o(.text.USBD_CtlPrepareRx)
    [Anonymous Symbol]                       0x080039d0   Section        0  usbd_ioreq.o(.text.USBD_CtlReceiveStatus)
    [Anonymous Symbol]                       0x080039e6   Section        0  usbd_ioreq.o(.text.USBD_CtlSendData)
    [Anonymous Symbol]                       0x08003a00   Section        0  usbd_ioreq.o(.text.USBD_CtlSendStatus)
    [Anonymous Symbol]                       0x08003a18   Section        0  usbd_desc.o(.text.USBD_FS_ConfigStrDescriptor)
    [Anonymous Symbol]                       0x08003a44   Section        0  usbd_desc.o(.text.USBD_FS_DeviceDescriptor)
    [Anonymous Symbol]                       0x08003a54   Section        0  usbd_desc.o(.text.USBD_FS_InterfaceStrDescriptor)
    [Anonymous Symbol]                       0x08003a84   Section        0  usbd_desc.o(.text.USBD_FS_LangIDStrDescriptor)
    [Anonymous Symbol]                       0x08003a94   Section        0  usbd_desc.o(.text.USBD_FS_ManufacturerStrDescriptor)
    [Anonymous Symbol]                       0x08003abc   Section        0  usbd_desc.o(.text.USBD_FS_ProductStrDescriptor)
    [Anonymous Symbol]                       0x08003af0   Section        0  usbd_desc.o(.text.USBD_FS_SerialStrDescriptor)
    [Anonymous Symbol]                       0x08003b18   Section        0  usbd_ctlreq.o(.text.USBD_GetString)
    [Anonymous Symbol]                       0x08003b7c   Section        0  usbd_core.o(.text.USBD_Init)
    [Anonymous Symbol]                       0x08003ba6   Section        0  usbd_conf.o(.text.USBD_LL_ClearStallEP)
    [Anonymous Symbol]                       0x08003bc8   Section        0  usbd_conf.o(.text.USBD_LL_CloseEP)
    [Anonymous Symbol]                       0x08003bea   Section        0  usbd_core.o(.text.USBD_LL_DataInStage)
    [Anonymous Symbol]                       0x08003c8c   Section        0  usbd_core.o(.text.USBD_LL_DataOutStage)
    [Anonymous Symbol]                       0x08003cf0   Section        0  usbd_conf.o(.text.USBD_LL_Init)
    [Anonymous Symbol]                       0x08003d80   Section        0  usbd_conf.o(.text.USBD_LL_IsStallEP)
    [Anonymous Symbol]                       0x08003d9c   Section        0  usbd_conf.o(.text.USBD_LL_OpenEP)
    [Anonymous Symbol]                       0x08003dc4   Section        0  usbd_conf.o(.text.USBD_LL_PrepareReceive)
    [Anonymous Symbol]                       0x08003de6   Section        0  usbd_core.o(.text.USBD_LL_Reset)
    [Anonymous Symbol]                       0x08003e24   Section        0  usbd_core.o(.text.USBD_LL_Resume)
    [Anonymous Symbol]                       0x08003e32   Section        0  usbd_core.o(.text.USBD_LL_SOF)
    [Anonymous Symbol]                       0x08003e4a   Section        0  usbd_core.o(.text.USBD_LL_SetSpeed)
    [Anonymous Symbol]                       0x08003e52   Section        0  usbd_conf.o(.text.USBD_LL_SetUSBAddress)
    [Anonymous Symbol]                       0x08003e74   Section        0  usbd_core.o(.text.USBD_LL_SetupStage)
    [Anonymous Symbol]                       0x08003ece   Section        0  usbd_conf.o(.text.USBD_LL_StallEP)
    [Anonymous Symbol]                       0x08003ef0   Section        0  usbd_conf.o(.text.USBD_LL_Start)
    [Anonymous Symbol]                       0x08003f12   Section        0  usbd_core.o(.text.USBD_LL_Suspend)
    [Anonymous Symbol]                       0x08003f26   Section        0  usbd_conf.o(.text.USBD_LL_Transmit)
    [Anonymous Symbol]                       0x08003f48   Section        0  usbd_ctlreq.o(.text.USBD_ParseSetupRequest)
    [Anonymous Symbol]                       0x08003f5e   Section        0  usbd_core.o(.text.USBD_RegisterClass)
    [Anonymous Symbol]                       0x08003f6c   Section        0  usbd_core.o(.text.USBD_SetClassConfig)
    [Anonymous Symbol]                       0x08003f86   Section        0  usbd_core.o(.text.USBD_Start)
    [Anonymous Symbol]                       0x08003f90   Section        0  usbd_ctlreq.o(.text.USBD_StdDevReq)
    [Anonymous Symbol]                       0x080041d4   Section        0  usbd_ctlreq.o(.text.USBD_StdEPReq)
    [Anonymous Symbol]                       0x0800429a   Section        0  usbd_ctlreq.o(.text.USBD_StdItfReq)
    [Anonymous Symbol]                       0x080042de   Section        0  usbd_conf.o(.text.USBD_static_free)
    [Anonymous Symbol]                       0x080042e0   Section        0  usbd_conf.o(.text.USBD_static_malloc)
    [Anonymous Symbol]                       0x080042ec   Section        0  stm32f1xx_ll_usb.o(.text.USB_ActivateEndpoint)
    [Anonymous Symbol]                       0x08004526   Section        0  stm32f1xx_ll_usb.o(.text.USB_CoreInit)
    [Anonymous Symbol]                       0x0800452a   Section        0  stm32f1xx_ll_usb.o(.text.USB_DeactivateEndpoint)
    [Anonymous Symbol]                       0x0800460a   Section        0  stm32f1xx_ll_usb.o(.text.USB_DevConnect)
    [Anonymous Symbol]                       0x0800460e   Section        0  stm32f1xx_ll_usb.o(.text.USB_DevDisconnect)
    [Anonymous Symbol]                       0x08004612   Section        0  stm32f1xx_ll_usb.o(.text.USB_DevInit)
    [Anonymous Symbol]                       0x08004638   Section        0  stm32f1xx_ll_usb.o(.text.USB_DisableGlobalInt)
    [Anonymous Symbol]                       0x0800464c   Section        0  stm32f1xx_ll_usb.o(.text.USB_EP0_OutStart)
    [Anonymous Symbol]                       0x08004650   Section        0  stm32f1xx_ll_usb.o(.text.USB_EPClearStall)
    [Anonymous Symbol]                       0x080046ba   Section        0  stm32f1xx_ll_usb.o(.text.USB_EPSetStall)
    [Anonymous Symbol]                       0x0800470c   Section        0  stm32f1xx_ll_usb.o(.text.USB_EPStartXfer)
    [Anonymous Symbol]                       0x080048aa   Section        0  stm32f1xx_ll_usb.o(.text.USB_EnableGlobalInt)
    [Anonymous Symbol]                       0x080048bc   Section        0  stm32f1xx_it.o(.text.USB_LP_CAN1_RX0_IRQHandler)
    [Anonymous Symbol]                       0x080048c8   Section        0  stm32f1xx_ll_usb.o(.text.USB_ReadInterrupts)
    [Anonymous Symbol]                       0x080048d0   Section        0  stm32f1xx_ll_usb.o(.text.USB_ReadPMA)
    [Anonymous Symbol]                       0x080048ee   Section        0  stm32f1xx_ll_usb.o(.text.USB_SetCurrentMode)
    [Anonymous Symbol]                       0x080048f2   Section        0  stm32f1xx_ll_usb.o(.text.USB_SetDevAddress)
    [Anonymous Symbol]                       0x08004900   Section        0  stm32f1xx_ll_usb.o(.text.USB_WritePMA)
    [Anonymous Symbol]                       0x08004920   Section        0  stm32f1xx_it.o(.text.UsageFault_Handler)
    [Anonymous Symbol]                       0x08004924   Section        0  main.o(.text._Error_Handler)
    [Anonymous Symbol]                       0x08004926   Section        0  s83_encoder.o(.text.get_encoder)
    [Anonymous Symbol]                       0x08004978   Section        0  s83_lcd.o(.text.lcd_backlight_off)
    [Anonymous Symbol]                       0x08004988   Section        0  s83_lcd.o(.text.lcd_backlight_on)
    [Anonymous Symbol]                       0x08004998   Section        0  main.o(.text.main)
    [Anonymous Symbol]                       0x08004b8c   Section        0  s83_lcd.o(.text.set_data_595lcd)
    [Anonymous Symbol]                       0x08004c1e   Section        0  s83_lcd.o(.text.set_lcd_brightness)
    [Anonymous Symbol]                       0x08004c34   Section        0  s83_spi_software.o(.text.sspi_transfer)
    i.__scatterload_copy                     0x08004ca8   Section       14  handlers.o(i.__scatterload_copy)
    i.__scatterload_null                     0x08004cb6   Section        2  handlers.o(i.__scatterload_null)
    i.__scatterload_zeroinit                 0x08004cb8   Section       14  handlers.o(i.__scatterload_zeroinit)
    .Lswitch.table.GUI_print_interface.17    0x08004cc8   Data          48  s83_gui.o(.rodata..Lswitch.table.GUI_print_interface.17)
    .L.str.3                                 0x08007874   Data           5  s83_gui.o(.rodata.str1.1)
    [Anonymous Symbol]                       0x08007874   Section        0  s83_gui.o(.rodata.str1.1)
    .L.str                                   0x08007879   Data          13  tim.o(.rodata.str1.1)
    [Anonymous Symbol]                       0x08007879   Section        0  tim.o(.rodata.str1.1)
    CUSTOM_HID_ReportDesc_FS                 0x20000000   Data          28  usbd_custom_hid_if.o(.data.CUSTOM_HID_ReportDesc_FS)
    [Anonymous Symbol]                       0x20000000   Section        0  usbd_custom_hid_if.o(.data.CUSTOM_HID_ReportDesc_FS)
    GUI_print_time_PB.pre_percent            0x20000038   Data           4  s83_gui.o(.data.GUI_print_time_PB.pre_percent)
    USBD_CUSTOM_HID_CfgDesc                  0x2000007c   Data          41  usbd_customhid.o(.data.USBD_CUSTOM_HID_CfgDesc)
    USBD_CUSTOM_HID_Desc                     0x200000a8   Data           9  usbd_customhid.o(.data.USBD_CUSTOM_HID_Desc)
    USBD_CUSTOM_HID_DeviceQualifierDesc      0x200000b4   Data          10  usbd_customhid.o(.data.USBD_CUSTOM_HID_DeviceQualifierDesc)
    TIM1_UP_IRQHandler.counter_dis           0x20001974   Data           4  stm32f1xx_it.o(.bss.TIM1_UP_IRQHandler.counter_dis)
    USBD_SetConfig.cfgidx                    0x200019b9   Data           1  usbd_ctlreq.o(.bss.USBD_SetConfig.cfgidx)
    USBD_static_malloc.mem                   0x20001bbc   Data          92  usbd_conf.o(.bss.USBD_static_malloc.mem)
    STACK                                    0x20002388   Section     1024  startup_stm32f103xb.o(STACK)

    Global Symbols

    Symbol Name                              Value     Ov Type        Size  Object(Section)

    BuildAttributes$$THM_ISAv4$P$D$K$B$S$PE$A:L22UL41UL21$X:L11$S22US41US21$IEEE1$IW$~IW$USESV6$~STKCKD$USESV7$~SHL$OSPACE$EBA8$MICROLIB$REQ8$PRES8$EABIv2 0x00000000   Number         0  anon$$obj.o ABSOLUTE
    __cpp_initialize__aeabi_                  - Undefined Weak Reference
    __cxa_finalize                            - Undefined Weak Reference
    _clock_init                               - Undefined Weak Reference
    _microlib_exit                            - Undefined Weak Reference
    __Vectors_Size                           0x000000ec   Number         0  startup_stm32f103xb.o ABSOLUTE
    __Vectors                                0x08000000   Data           4  startup_stm32f103xb.o(RESET)
    __Vectors_End                            0x080000ec   Data           0  startup_stm32f103xb.o(RESET)
    __main                                   0x080000ed   Thumb Code     0  entry.o(.ARM.Collect$$$$00000000)
    _main_stk                                0x080000ed   Thumb Code     0  entry2.o(.ARM.Collect$$$$00000001)
    _main_scatterload                        0x080000f1   Thumb Code     0  entry5.o(.ARM.Collect$$$$00000004)
    __main_after_scatterload                 0x080000f5   Thumb Code     0  entry5.o(.ARM.Collect$$$$00000004)
    _main_clock                              0x080000f5   Thumb Code     0  entry7b.o(.ARM.Collect$$$$00000008)
    _main_cpp_init                           0x080000f5   Thumb Code     0  entry8b.o(.ARM.Collect$$$$0000000A)
    _main_init                               0x080000f5   Thumb Code     0  entry9a.o(.ARM.Collect$$$$0000000B)
    __rt_final_cpp                           0x080000fd   Thumb Code     0  entry10a.o(.ARM.Collect$$$$0000000D)
    __rt_final_exit                          0x080000fd   Thumb Code     0  entry11a.o(.ARM.Collect$$$$0000000F)
    Reset_Handler                            0x08000101   Thumb Code     8  startup_stm32f103xb.o(.text)
    ADC1_2_IRQHandler                        0x0800011b   Thumb Code     0  startup_stm32f103xb.o(.text)
    CAN1_RX1_IRQHandler                      0x0800011b   Thumb Code     0  startup_stm32f103xb.o(.text)
    CAN1_SCE_IRQHandler                      0x0800011b   Thumb Code     0  startup_stm32f103xb.o(.text)
    DMA1_Channel1_IRQHandler                 0x0800011b   Thumb Code     0  startup_stm32f103xb.o(.text)
    DMA1_Channel2_IRQHandler                 0x0800011b   Thumb Code     0  startup_stm32f103xb.o(.text)
    DMA1_Channel3_IRQHandler                 0x0800011b   Thumb Code     0  startup_stm32f103xb.o(.text)
    DMA1_Channel4_IRQHandler                 0x0800011b   Thumb Code     0  startup_stm32f103xb.o(.text)
    DMA1_Channel5_IRQHandler                 0x0800011b   Thumb Code     0  startup_stm32f103xb.o(.text)
    DMA1_Channel6_IRQHandler                 0x0800011b   Thumb Code     0  startup_stm32f103xb.o(.text)
    DMA1_Channel7_IRQHandler                 0x0800011b   Thumb Code     0  startup_stm32f103xb.o(.text)
    EXTI1_IRQHandler                         0x0800011b   Thumb Code     0  startup_stm32f103xb.o(.text)
    EXTI2_IRQHandler                         0x0800011b   Thumb Code     0  startup_stm32f103xb.o(.text)
    FLASH_IRQHandler                         0x0800011b   Thumb Code     0  startup_stm32f103xb.o(.text)
    I2C1_ER_IRQHandler                       0x0800011b   Thumb Code     0  startup_stm32f103xb.o(.text)
    I2C1_EV_IRQHandler                       0x0800011b   Thumb Code     0  startup_stm32f103xb.o(.text)
    I2C2_ER_IRQHandler                       0x0800011b   Thumb Code     0  startup_stm32f103xb.o(.text)
    I2C2_EV_IRQHandler                       0x0800011b   Thumb Code     0  startup_stm32f103xb.o(.text)
    PVD_IRQHandler                           0x0800011b   Thumb Code     0  startup_stm32f103xb.o(.text)
    RCC_IRQHandler                           0x0800011b   Thumb Code     0  startup_stm32f103xb.o(.text)
    RTC_Alarm_IRQHandler                     0x0800011b   Thumb Code     0  startup_stm32f103xb.o(.text)
    RTC_IRQHandler                           0x0800011b   Thumb Code     0  startup_stm32f103xb.o(.text)
    SPI1_IRQHandler                          0x0800011b   Thumb Code     0  startup_stm32f103xb.o(.text)
    SPI2_IRQHandler                          0x0800011b   Thumb Code     0  startup_stm32f103xb.o(.text)
    TAMPER_IRQHandler                        0x0800011b   Thumb Code     0  startup_stm32f103xb.o(.text)
    TIM1_BRK_IRQHandler                      0x0800011b   Thumb Code     0  startup_stm32f103xb.o(.text)
    TIM1_CC_IRQHandler                       0x0800011b   Thumb Code     0  startup_stm32f103xb.o(.text)
    TIM1_TRG_COM_IRQHandler                  0x0800011b   Thumb Code     0  startup_stm32f103xb.o(.text)
    TIM4_IRQHandler                          0x0800011b   Thumb Code     0  startup_stm32f103xb.o(.text)
    USART1_IRQHandler                        0x0800011b   Thumb Code     0  startup_stm32f103xb.o(.text)
    USART2_IRQHandler                        0x0800011b   Thumb Code     0  startup_stm32f103xb.o(.text)
    USART3_IRQHandler                        0x0800011b   Thumb Code     0  startup_stm32f103xb.o(.text)
    USBWakeUp_IRQHandler                     0x0800011b   Thumb Code     0  startup_stm32f103xb.o(.text)
    USB_HP_CAN1_TX_IRQHandler                0x0800011b   Thumb Code     0  startup_stm32f103xb.o(.text)
    WWDG_IRQHandler                          0x0800011b   Thumb Code     0  startup_stm32f103xb.o(.text)
    __scatterload                            0x08000125   Thumb Code    28  init.o(.text)
    __scatterload_rt2                        0x08000125   Thumb Code     0  init.o(.text)
    __decompress                             0x08000149   Thumb Code     0  __dczerorl.o(.text)
    __decompress0                            0x08000149   Thumb Code    58  __dczerorl.o(.text)
    BusFault_Handler                         0x08000185   Thumb Code     2  stm32f1xx_it.o(.text.BusFault_Handler)
    DebugMon_Handler                         0x08000259   Thumb Code     2  stm32f1xx_it.o(.text.DebugMon_Handler)
    Disable_EXT_IRQ_buttons                  0x0800025b   Thumb Code    30  stm32f1xx_it.o(.text.Disable_EXT_IRQ_buttons)
    EXTI0_IRQHandler                         0x08000279   Thumb Code    32  stm32f1xx_it.o(.text.EXTI0_IRQHandler)
    EXTI15_10_IRQHandler                     0x08000299   Thumb Code    62  stm32f1xx_it.o(.text.EXTI15_10_IRQHandler)
    EXTI3_IRQHandler                         0x080002d7   Thumb Code    44  stm32f1xx_it.o(.text.EXTI3_IRQHandler)
    EXTI4_IRQHandler                         0x08000303   Thumb Code    74  stm32f1xx_it.o(.text.EXTI4_IRQHandler)
    EXTI9_5_IRQHandler                       0x0800034d   Thumb Code    66  stm32f1xx_it.o(.text.EXTI9_5_IRQHandler)
    Enable_EXT_IRQ_buttons                   0x0800038f   Thumb Code   108  stm32f1xx_it.o(.text.Enable_EXT_IRQ_buttons)
    Enable_TIMER                             0x080003fb   Thumb Code    18  stm32f1xx_it.o(.text.Enable_TIMER)
    GUI_clear_cursor                         0x0800040d   Thumb Code   158  s83_gui.o(.text.GUI_clear_cursor)
    GUI_clear_cursor_2                       0x080004ab   Thumb Code   170  s83_gui.o(.text.GUI_clear_cursor_2)
    GUI_get_string_len                       0x08000555   Thumb Code     4  s83_gui.o(.text.GUI_get_string_len)
    GUI_init                                 0x08000559   Thumb Code    36  s83_gui.o(.text.GUI_init)
    GUI_loading                              0x0800057d   Thumb Code   276  s83_gui.o(.text.GUI_loading)
    GUI_print_cursor                         0x0800069d   Thumb Code   176  s83_gui.o(.text.GUI_print_cursor)
    GUI_print_cursor_2                       0x0800074d   Thumb Code   176  s83_gui.o(.text.GUI_print_cursor_2)
    GUI_print_interface                      0x080007fd   Thumb Code   828  s83_gui.o(.text.GUI_print_interface)
    GUI_print_scroll_bar                     0x08000bbd   Thumb Code   132  s83_gui.o(.text.GUI_print_scroll_bar)
    GUI_print_static_text                    0x08000c41   Thumb Code   276  s83_gui.o(.text.GUI_print_static_text)
    GUI_print_time_PB                        0x08000d81   Thumb Code   104  s83_gui.o(.text.GUI_print_time_PB)
    G_clear_screen                           0x08000de9   Thumb Code    30  s83_graphics.o(.text.G_clear_screen)
    G_fill_rectangle                         0x08000e09   Thumb Code    94  s83_graphics.o(.text.G_fill_rectangle)
    G_print_image                            0x08000e69   Thumb Code    90  s83_graphics.o(.text.G_print_image)
    G_print_image_gray                       0x08000ec5   Thumb Code   182  s83_graphics.o(.text.G_print_image_gray)
    G_print_image_gray_r180grad              0x08000f7d   Thumb Code   340  s83_graphics.o(.text.G_print_image_gray_r180grad)
    G_print_image_gray_r270grad              0x080010d1   Thumb Code   278  s83_graphics.o(.text.G_print_image_gray_r270grad)
    G_print_image_gray_r90grad               0x080011e9   Thumb Code   216  s83_graphics.o(.text.G_print_image_gray_r90grad)
    G_print_string_len_f8x16                 0x080012c1   Thumb Code    60  s83_graphics.o(.text.G_print_string_len_f8x16)
    G_print_sym_f8x16                        0x080012fd   Thumb Code   142  s83_graphics.o(.text.G_print_sym_f8x16)
    HAL_Delay                                0x0800138d   Thumb Code    40  stm32f1xx_hal.o(.text.HAL_Delay)
    HAL_GPIO_EXTI_Callback                   0x080013b5   Thumb Code     2  stm32f1xx_it.o(.text.HAL_GPIO_EXTI_Callback)
    HAL_GPIO_EXTI_IRQHandler                 0x080013b7   Thumb Code    22  stm32f1xx_hal_gpio.o(.text.HAL_GPIO_EXTI_IRQHandler)
    HAL_GPIO_Init                            0x080013cd   Thumb Code   494  stm32f1xx_hal_gpio.o(.text.HAL_GPIO_Init)
    HAL_GPIO_WritePin                        0x080015bb   Thumb Code    10  stm32f1xx_hal_gpio.o(.text.HAL_GPIO_WritePin)
    HAL_GetTick                              0x080015c5   Thumb Code    12  stm32f1xx_hal.o(.text.HAL_GetTick)
    HAL_IncTick                              0x080015d1   Thumb Code    26  stm32f1xx_hal.o(.text.HAL_IncTick)
    HAL_Init                                 0x080015eb   Thumb Code    38  stm32f1xx_hal.o(.text.HAL_Init)
    HAL_InitTick                             0x08001611   Thumb Code    80  stm32f1xx_hal.o(.text.HAL_InitTick)
    HAL_MspInit                              0x08001661   Thumb Code   158  stm32f1xx_hal_msp.o(.text.HAL_MspInit)
    HAL_NVIC_DisableIRQ                      0x080016ff   Thumb Code    26  stm32f1xx_hal_cortex.o(.text.HAL_NVIC_DisableIRQ)
    HAL_NVIC_EnableIRQ                       0x08001719   Thumb Code    26  stm32f1xx_hal_cortex.o(.text.HAL_NVIC_EnableIRQ)
    HAL_NVIC_SetPriority                     0x08001733   Thumb Code    86  stm32f1xx_hal_cortex.o(.text.HAL_NVIC_SetPriority)
    HAL_NVIC_SetPriorityGrouping             0x08001789   Thumb Code    32  stm32f1xx_hal_cortex.o(.text.HAL_NVIC_SetPriorityGrouping)
    HAL_PCDEx_PMAConfig                      0x080017a9   Thumb Code    48  stm32f1xx_hal_pcd_ex.o(.text.HAL_PCDEx_PMAConfig)
    HAL_PCDEx_SetConnectionState             0x080017d9   Thumb Code     2  usbd_conf.o(.text.HAL_PCDEx_SetConnectionState)
    HAL_PCD_DataInStageCallback              0x080017db   Thumb Code    16  usbd_conf.o(.text.HAL_PCD_DataInStageCallback)
    HAL_PCD_DataOutStageCallback             0x080017eb   Thumb Code    18  usbd_conf.o(.text.HAL_PCD_DataOutStageCallback)
    HAL_PCD_EP_Close                         0x080017fd   Thumb Code    64  stm32f1xx_hal_pcd.o(.text.HAL_PCD_EP_Close)
    HAL_PCD_EP_ClrStall                      0x0800183d   Thumb Code    70  stm32f1xx_hal_pcd.o(.text.HAL_PCD_EP_ClrStall)
    HAL_PCD_EP_Open                          0x08001883   Thumb Code    72  stm32f1xx_hal_pcd.o(.text.HAL_PCD_EP_Open)
    HAL_PCD_EP_Receive                       0x080018cb   Thumb Code    46  stm32f1xx_hal_pcd.o(.text.HAL_PCD_EP_Receive)
    HAL_PCD_EP_SetStall                      0x080018f9   Thumb Code    82  stm32f1xx_hal_pcd.o(.text.HAL_PCD_EP_SetStall)
    HAL_PCD_EP_Transmit                      0x0800194b   Thumb Code    40  stm32f1xx_hal_pcd.o(.text.HAL_PCD_EP_Transmit)
    HAL_PCD_IRQHandler                       0x08001975   Thumb Code  1246  stm32f1xx_hal_pcd.o(.text.HAL_PCD_IRQHandler)
    HAL_PCD_Init                             0x08001e55   Thumb Code   206  stm32f1xx_hal_pcd.o(.text.HAL_PCD_Init)
    HAL_PCD_MspInit                          0x08001f23   Thumb Code    70  usbd_conf.o(.text.HAL_PCD_MspInit)
    HAL_PCD_ResetCallback                    0x08001f69   Thumb Code    26  usbd_conf.o(.text.HAL_PCD_ResetCallback)
    HAL_PCD_ResumeCallback                   0x08001f83   Thumb Code     8  usbd_conf.o(.text.HAL_PCD_ResumeCallback)
    HAL_PCD_SOFCallback                      0x08001f8b   Thumb Code     8  usbd_conf.o(.text.HAL_PCD_SOFCallback)
    HAL_PCD_SetAddress                       0x08001f93   Thumb Code    40  stm32f1xx_hal_pcd.o(.text.HAL_PCD_SetAddress)
    HAL_PCD_SetupStageCallback               0x08001fbb   Thumb Code    14  usbd_conf.o(.text.HAL_PCD_SetupStageCallback)
    HAL_PCD_Start                            0x08001fc9   Thumb Code    50  stm32f1xx_hal_pcd.o(.text.HAL_PCD_Start)
    HAL_PCD_SuspendCallback                  0x08001ffb   Thumb Code    34  usbd_conf.o(.text.HAL_PCD_SuspendCallback)
    HAL_RCCEx_PeriphCLKConfig                0x0800201d   Thumb Code   242  stm32f1xx_hal_rcc_ex.o(.text.HAL_RCCEx_PeriphCLKConfig)
    HAL_RCC_ClockConfig                      0x08002111   Thumb Code   346  stm32f1xx_hal_rcc.o(.text.HAL_RCC_ClockConfig)
    HAL_RCC_GetHCLKFreq                      0x0800226b   Thumb Code    12  stm32f1xx_hal_rcc.o(.text.HAL_RCC_GetHCLKFreq)
    HAL_RCC_GetSysClockFreq                  0x08002279   Thumb Code    76  stm32f1xx_hal_rcc.o(.text.HAL_RCC_GetSysClockFreq)
    HAL_RCC_OscConfig                        0x080022d9   Thumb Code   834  stm32f1xx_hal_rcc.o(.text.HAL_RCC_OscConfig)
    HAL_SYSTICK_CLKSourceConfig              0x0800261b   Thumb Code    24  stm32f1xx_hal_cortex.o(.text.HAL_SYSTICK_CLKSourceConfig)
    HAL_SYSTICK_Callback                     0x08002633   Thumb Code     2  stm32f1xx_hal_cortex.o(.text.HAL_SYSTICK_Callback)
    HAL_SYSTICK_Config                       0x08002635   Thumb Code    44  stm32f1xx_hal_cortex.o(.text.HAL_SYSTICK_Config)
    HAL_SYSTICK_IRQHandler                   0x08002661   Thumb Code     4  stm32f1xx_hal_cortex.o(.text.HAL_SYSTICK_IRQHandler)
    HAL_TIMEx_BreakCallback                  0x08002665   Thumb Code     2  stm32f1xx_hal_tim_ex.o(.text.HAL_TIMEx_BreakCallback)
    HAL_TIMEx_CommutationCallback            0x08002667   Thumb Code     2  stm32f1xx_hal_tim_ex.o(.text.HAL_TIMEx_CommutationCallback)
    HAL_TIMEx_MasterConfigSynchronization    0x08002669   Thumb Code    70  stm32f1xx_hal_tim_ex.o(.text.HAL_TIMEx_MasterConfigSynchronization)
    HAL_TIM_Base_Init                        0x080026af   Thumb Code    52  stm32f1xx_hal_tim.o(.text.HAL_TIM_Base_Init)
    HAL_TIM_Base_MspInit                     0x080026e3   Thumb Code   150  tim.o(.text.HAL_TIM_Base_MspInit)
    HAL_TIM_Base_Start                       0x08002779   Thumb Code    28  stm32f1xx_hal_tim.o(.text.HAL_TIM_Base_Start)
    HAL_TIM_Base_Start_IT                    0x08002795   Thumb Code    22  stm32f1xx_hal_tim.o(.text.HAL_TIM_Base_Start_IT)
    HAL_TIM_Base_Stop                        0x080027ab   Thumb Code    48  stm32f1xx_hal_tim.o(.text.HAL_TIM_Base_Stop)
    HAL_TIM_Base_Stop_IT                     0x080027db   Thumb Code    42  stm32f1xx_hal_tim.o(.text.HAL_TIM_Base_Stop_IT)
    HAL_TIM_ConfigClockSource                0x08002805   Thumb Code   456  stm32f1xx_hal_tim.o(.text.HAL_TIM_ConfigClockSource)
    HAL_TIM_IC_CaptureCallback               0x080029cd   Thumb Code     2  stm32f1xx_hal_tim.o(.text.HAL_TIM_IC_CaptureCallback)
    HAL_TIM_IRQHandler                       0x080029cf   Thumb Code   362  stm32f1xx_hal_tim.o(.text.HAL_TIM_IRQHandler)
    HAL_TIM_OC_DelayElapsedCallback          0x08002b39   Thumb Code     2  stm32f1xx_hal_tim.o(.text.HAL_TIM_OC_DelayElapsedCallback)
    HAL_TIM_PWM_PulseFinishedCallback        0x08002b3b   Thumb Code     2  stm32f1xx_hal_tim.o(.text.HAL_TIM_PWM_PulseFinishedCallback)
    HAL_TIM_PeriodElapsedCallback            0x08002b3d   Thumb Code     2  stm32f1xx_hal_tim.o(.text.HAL_TIM_PeriodElapsedCallback)
    HAL_TIM_TriggerCallback                  0x08002b3f   Thumb Code     2  stm32f1xx_hal_tim.o(.text.HAL_TIM_TriggerCallback)
    HardFault_Handler                        0x08002b41   Thumb Code     2  stm32f1xx_it.o(.text.HardFault_Handler)
    LCD_Init_ILI9481                         0x08002b43   Thumb Code   968  s83_lcd.o(.text.LCD_Init_ILI9481)
    LCD_set_window                           0x08002f0b   Thumb Code   196  s83_lcd.o(.text.LCD_set_window)
    MX_GPIO_Init                             0x08002fcf   Thumb Code   352  gpio.o(.text.MX_GPIO_Init)
    MX_TIM1_Init                             0x0800312f   Thumb Code   138  tim.o(.text.MX_TIM1_Init)
    MX_TIM2_Init                             0x080031b9   Thumb Code   132  tim.o(.text.MX_TIM2_Init)
    MX_TIM3_Init                             0x0800323d   Thumb Code   138  tim.o(.text.MX_TIM3_Init)
    MX_USB_DEVICE_Init                       0x080032c7   Thumb Code    64  usb_device.o(.text.MX_USB_DEVICE_Init)
    MemManage_Handler                        0x08003309   Thumb Code     2  stm32f1xx_it.o(.text.MemManage_Handler)
    NMI_Handler                              0x0800330b   Thumb Code     2  stm32f1xx_it.o(.text.NMI_Handler)
    PendSV_Handler                           0x0800330d   Thumb Code     2  stm32f1xx_it.o(.text.PendSV_Handler)
    S83_buttons_read                         0x0800330f   Thumb Code   112  s83_keyboard.o(.text.S83_buttons_read)
    S83_buttons_send                         0x0800337f   Thumb Code    46  s83_keyboard.o(.text.S83_buttons_send)
    S83_cursor_DOWN                          0x080033ad   Thumb Code    48  s83_keyboard.o(.text.S83_cursor_DOWN)
    S83_cursor_UP                            0x080033dd   Thumb Code    48  s83_keyboard.o(.text.S83_cursor_UP)
    S83_volume_DOWN                          0x0800340d   Thumb Code    48  s83_keyboard.o(.text.S83_volume_DOWN)
    S83_volume_UP                            0x0800343d   Thumb Code    48  s83_keyboard.o(.text.S83_volume_UP)
    SVC_Handler                              0x0800346d   Thumb Code     2  stm32f1xx_it.o(.text.SVC_Handler)
    Switch_TIMER_2_mode_1                    0x0800346f   Thumb Code    26  stm32f1xx_it.o(.text.Switch_TIMER_2_mode_1)
    Switch_TIMER_2_mode_2                    0x08003489   Thumb Code    26  stm32f1xx_it.o(.text.Switch_TIMER_2_mode_2)
    SysTick_Handler                          0x080034a3   Thumb Code    14  stm32f1xx_it.o(.text.SysTick_Handler)
    SystemClock_Config                       0x080034b1   Thumb Code   134  main.o(.text.SystemClock_Config)
    SystemInit                               0x08003537   Thumb Code    80  system_stm32f1xx.o(.text.SystemInit)
    TIM1_UP_IRQHandler                       0x08003587   Thumb Code   166  stm32f1xx_it.o(.text.TIM1_UP_IRQHandler)
    TIM2_IRQHandler                          0x0800362d   Thumb Code   144  stm32f1xx_it.o(.text.TIM2_IRQHandler)
    TIM3_IRQHandler                          0x080036bd   Thumb Code    84  stm32f1xx_it.o(.text.TIM3_IRQHandler)
    TIM_Base_SetConfig                       0x08003711   Thumb Code   138  stm32f1xx_hal_tim.o(.text.TIM_Base_SetConfig)
    USBD_CUSTOM_HID_RegisterInterface        0x08003887   Thumb Code    14  usbd_customhid.o(.text.USBD_CUSTOM_HID_RegisterInterface)
    USBD_CUSTOM_HID_SendReport               0x08003895   Thumb Code    42  usbd_customhid.o(.text.USBD_CUSTOM_HID_SendReport)
    USBD_ClrClassConfig                      0x08003973   Thumb Code    14  usbd_core.o(.text.USBD_ClrClassConfig)
    USBD_CtlContinueRx                       0x08003981   Thumb Code    16  usbd_ioreq.o(.text.USBD_CtlContinueRx)
    USBD_CtlContinueSendData                 0x08003991   Thumb Code    16  usbd_ioreq.o(.text.USBD_CtlContinueSendData)
    USBD_CtlError                            0x080039a1   Thumb Code    22  usbd_ctlreq.o(.text.USBD_CtlError)
    USBD_CtlPrepareRx                        0x080039b7   Thumb Code    26  usbd_ioreq.o(.text.USBD_CtlPrepareRx)
    USBD_CtlReceiveStatus                    0x080039d1   Thumb Code    22  usbd_ioreq.o(.text.USBD_CtlReceiveStatus)
    USBD_CtlSendData                         0x080039e7   Thumb Code    26  usbd_ioreq.o(.text.USBD_CtlSendData)
    USBD_CtlSendStatus                       0x08003a01   Thumb Code    22  usbd_ioreq.o(.text.USBD_CtlSendStatus)
    USBD_FS_ConfigStrDescriptor              0x08003a19   Thumb Code    24  usbd_desc.o(.text.USBD_FS_ConfigStrDescriptor)
    USBD_FS_DeviceDescriptor                 0x08003a45   Thumb Code    14  usbd_desc.o(.text.USBD_FS_DeviceDescriptor)
    USBD_FS_InterfaceStrDescriptor           0x08003a55   Thumb Code    24  usbd_desc.o(.text.USBD_FS_InterfaceStrDescriptor)
    USBD_FS_LangIDStrDescriptor              0x08003a85   Thumb Code    14  usbd_desc.o(.text.USBD_FS_LangIDStrDescriptor)
    USBD_FS_ManufacturerStrDescriptor        0x08003a95   Thumb Code    24  usbd_desc.o(.text.USBD_FS_ManufacturerStrDescriptor)
    USBD_FS_ProductStrDescriptor             0x08003abd   Thumb Code    24  usbd_desc.o(.text.USBD_FS_ProductStrDescriptor)
    USBD_FS_SerialStrDescriptor              0x08003af1   Thumb Code    24  usbd_desc.o(.text.USBD_FS_SerialStrDescriptor)
    USBD_GetString                           0x08003b19   Thumb Code   100  usbd_ctlreq.o(.text.USBD_GetString)
    USBD_Init                                0x08003b7d   Thumb Code    42  usbd_core.o(.text.USBD_Init)
    USBD_LL_ClearStallEP                     0x08003ba7   Thumb Code    34  usbd_conf.o(.text.USBD_LL_ClearStallEP)
    USBD_LL_CloseEP                          0x08003bc9   Thumb Code    34  usbd_conf.o(.text.USBD_LL_CloseEP)
    USBD_LL_DataInStage                      0x08003beb   Thumb Code   162  usbd_core.o(.text.USBD_LL_DataInStage)
    USBD_LL_DataOutStage                     0x08003c8d   Thumb Code   100  usbd_core.o(.text.USBD_LL_DataOutStage)
    USBD_LL_Init                             0x08003cf1   Thumb Code   124  usbd_conf.o(.text.USBD_LL_Init)
    USBD_LL_IsStallEP                        0x08003d81   Thumb Code    28  usbd_conf.o(.text.USBD_LL_IsStallEP)
    USBD_LL_OpenEP                           0x08003d9d   Thumb Code    40  usbd_conf.o(.text.USBD_LL_OpenEP)
    USBD_LL_PrepareReceive                   0x08003dc5   Thumb Code    34  usbd_conf.o(.text.USBD_LL_PrepareReceive)
    USBD_LL_Reset                            0x08003de7   Thumb Code    62  usbd_core.o(.text.USBD_LL_Reset)
    USBD_LL_Resume                           0x08003e25   Thumb Code    14  usbd_core.o(.text.USBD_LL_Resume)
    USBD_LL_SOF                              0x08003e33   Thumb Code    24  usbd_core.o(.text.USBD_LL_SOF)
    USBD_LL_SetSpeed                         0x08003e4b   Thumb Code     8  usbd_core.o(.text.USBD_LL_SetSpeed)
    USBD_LL_SetUSBAddress                    0x08003e53   Thumb Code    34  usbd_conf.o(.text.USBD_LL_SetUSBAddress)
    USBD_LL_SetupStage                       0x08003e75   Thumb Code    90  usbd_core.o(.text.USBD_LL_SetupStage)
    USBD_LL_StallEP                          0x08003ecf   Thumb Code    34  usbd_conf.o(.text.USBD_LL_StallEP)
    USBD_LL_Start                            0x08003ef1   Thumb Code    34  usbd_conf.o(.text.USBD_LL_Start)
    USBD_LL_Suspend                          0x08003f13   Thumb Code    20  usbd_core.o(.text.USBD_LL_Suspend)
    USBD_LL_Transmit                         0x08003f27   Thumb Code    34  usbd_conf.o(.text.USBD_LL_Transmit)
    USBD_ParseSetupRequest                   0x08003f49   Thumb Code    22  usbd_ctlreq.o(.text.USBD_ParseSetupRequest)
    USBD_RegisterClass                       0x08003f5f   Thumb Code    14  usbd_core.o(.text.USBD_RegisterClass)
    USBD_SetClassConfig                      0x08003f6d   Thumb Code    26  usbd_core.o(.text.USBD_SetClassConfig)
    USBD_Start                               0x08003f87   Thumb Code    10  usbd_core.o(.text.USBD_Start)
    USBD_StdDevReq                           0x08003f91   Thumb Code   580  usbd_ctlreq.o(.text.USBD_StdDevReq)
    USBD_StdEPReq                            0x080041d5   Thumb Code   198  usbd_ctlreq.o(.text.USBD_StdEPReq)
    USBD_StdItfReq                           0x0800429b   Thumb Code    68  usbd_ctlreq.o(.text.USBD_StdItfReq)
    USBD_static_free                         0x080042df   Thumb Code     2  usbd_conf.o(.text.USBD_static_free)
    USBD_static_malloc                       0x080042e1   Thumb Code    10  usbd_conf.o(.text.USBD_static_malloc)
    USB_ActivateEndpoint                     0x080042ed   Thumb Code   570  stm32f1xx_ll_usb.o(.text.USB_ActivateEndpoint)
    USB_CoreInit                             0x08004527   Thumb Code     4  stm32f1xx_ll_usb.o(.text.USB_CoreInit)
    USB_DeactivateEndpoint                   0x0800452b   Thumb Code   224  stm32f1xx_ll_usb.o(.text.USB_DeactivateEndpoint)
    USB_DevConnect                           0x0800460b   Thumb Code     4  stm32f1xx_ll_usb.o(.text.USB_DevConnect)
    USB_DevDisconnect                        0x0800460f   Thumb Code     4  stm32f1xx_ll_usb.o(.text.USB_DevDisconnect)
    USB_DevInit                              0x08004613   Thumb Code    38  stm32f1xx_ll_usb.o(.text.USB_DevInit)
    USB_DisableGlobalInt                     0x08004639   Thumb Code    20  stm32f1xx_ll_usb.o(.text.USB_DisableGlobalInt)
    USB_EP0_OutStart                         0x0800464d   Thumb Code     4  stm32f1xx_ll_usb.o(.text.USB_EP0_OutStart)
    USB_EPClearStall                         0x08004651   Thumb Code   106  stm32f1xx_ll_usb.o(.text.USB_EPClearStall)
    USB_EPSetStall                           0x080046bb   Thumb Code    80  stm32f1xx_ll_usb.o(.text.USB_EPSetStall)
    USB_EPStartXfer                          0x0800470d   Thumb Code   414  stm32f1xx_ll_usb.o(.text.USB_EPStartXfer)
    USB_EnableGlobalInt                      0x080048ab   Thumb Code    18  stm32f1xx_ll_usb.o(.text.USB_EnableGlobalInt)
    USB_LP_CAN1_RX0_IRQHandler               0x080048bd   Thumb Code    12  stm32f1xx_it.o(.text.USB_LP_CAN1_RX0_IRQHandler)
    USB_ReadInterrupts                       0x080048c9   Thumb Code     6  stm32f1xx_ll_usb.o(.text.USB_ReadInterrupts)
    USB_ReadPMA                              0x080048d1   Thumb Code    30  stm32f1xx_ll_usb.o(.text.USB_ReadPMA)
    USB_SetCurrentMode                       0x080048ef   Thumb Code     4  stm32f1xx_ll_usb.o(.text.USB_SetCurrentMode)
    USB_SetDevAddress                        0x080048f3   Thumb Code    12  stm32f1xx_ll_usb.o(.text.USB_SetDevAddress)
    USB_WritePMA                             0x08004901   Thumb Code    30  stm32f1xx_ll_usb.o(.text.USB_WritePMA)
    UsageFault_Handler                       0x08004921   Thumb Code     2  stm32f1xx_it.o(.text.UsageFault_Handler)
    _Error_Handler                           0x08004925   Thumb Code     2  main.o(.text._Error_Handler)
    get_encoder                              0x08004927   Thumb Code    82  s83_encoder.o(.text.get_encoder)
    lcd_backlight_off                        0x08004979   Thumb Code    16  s83_lcd.o(.text.lcd_backlight_off)
    lcd_backlight_on                         0x08004989   Thumb Code    16  s83_lcd.o(.text.lcd_backlight_on)
    main                                     0x08004999   Thumb Code   480  main.o(.text.main)
    set_data_595lcd                          0x08004b8d   Thumb Code   146  s83_lcd.o(.text.set_data_595lcd)
    set_lcd_brightness                       0x08004c1f   Thumb Code    20  s83_lcd.o(.text.set_lcd_brightness)
    sspi_transfer                            0x08004c35   Thumb Code   116  s83_spi_software.o(.text.sspi_transfer)
    __scatterload_copy                       0x08004ca9   Thumb Code    14  handlers.o(i.__scatterload_copy)
    __scatterload_null                       0x08004cb7   Thumb Code     2  handlers.o(i.__scatterload_null)
    __scatterload_zeroinit                   0x08004cb9   Thumb Code    14  handlers.o(i.__scatterload_zeroinit)
    AHBPrescTable                            0x08004cf8   Data          16  system_stm32f1xx.o(.rodata.AHBPrescTable)
    af_aac                                   0x08004d08   Data          18  s83_gui.o(.rodata.af_aac)
    af_ac3                                   0x08004d1a   Data          18  s83_gui.o(.rodata.af_ac3)
    af_ape                                   0x08004d2c   Data          18  s83_gui.o(.rodata.af_ape)
    af_dsd                                   0x08004d3e   Data          18  s83_gui.o(.rodata.af_dsd)
    af_flac                                  0x08004d50   Data          18  s83_gui.o(.rodata.af_flac)
    af_m4a                                   0x08004d62   Data          18  s83_gui.o(.rodata.af_m4a)
    af_mp3                                   0x08004d74   Data          18  s83_gui.o(.rodata.af_mp3)
    af_mpc                                   0x08004d86   Data          18  s83_gui.o(.rodata.af_mpc)
    af_null                                  0x08004d98   Data          18  s83_gui.o(.rodata.af_null)
    af_ogg                                   0x08004daa   Data          18  s83_gui.o(.rodata.af_ogg)
    af_wav                                   0x08004dbc   Data          18  s83_gui.o(.rodata.af_wav)
    af_wma                                   0x08004dce   Data          18  s83_gui.o(.rodata.af_wma)
    af_wv                                    0x08004de0   Data          18  s83_gui.o(.rodata.af_wv)
    font_8x16                                0x08004df2   Data        4096  s83_graphics.o(.rodata.font_8x16)
    image_POFF_24x20                         0x08005df2   Data         960  s83_gui.o(.rodata.image_POFF_24x20)
    image_back_24x20                         0x080061b2   Data         960  s83_gui.o(.rodata.image_back_24x20)
    image_folder_24x20                       0x08006572   Data         960  s83_gui.o(.rodata.image_folder_24x20)
    image_pause_24x20                        0x08006932   Data         960  s83_gui.o(.rodata.image_pause_24x20)
    image_play_24x20                         0x08006cf2   Data         960  s83_gui.o(.rodata.image_play_24x20)
    image_spk_24x20                          0x080070b2   Data         960  s83_gui.o(.rodata.image_spk_24x20)
    image_vol_24x20                          0x08007472   Data         960  s83_gui.o(.rodata.image_vol_24x20)
    sr_0                                     0x08007832   Data           6  s83_gui.o(.rodata.sr_0)
    sr_176400                                0x08007838   Data           6  s83_gui.o(.rodata.sr_176400)
    sr_192000                                0x0800783e   Data           6  s83_gui.o(.rodata.sr_192000)
    sr_32000                                 0x08007844   Data           6  s83_gui.o(.rodata.sr_32000)
    sr_352800                                0x0800784a   Data           6  s83_gui.o(.rodata.sr_352800)
    sr_384000                                0x08007850   Data           6  s83_gui.o(.rodata.sr_384000)
    sr_44100                                 0x08007856   Data           6  s83_gui.o(.rodata.sr_44100)
    sr_48000                                 0x0800785c   Data           6  s83_gui.o(.rodata.sr_48000)
    sr_705600                                0x08007862   Data           6  s83_gui.o(.rodata.sr_705600)
    sr_88200                                 0x08007868   Data           6  s83_gui.o(.rodata.sr_88200)
    sr_96000                                 0x0800786e   Data           6  s83_gui.o(.rodata.sr_96000)
    Region$$Table$$Base                      0x08007888   Number         0  anon$$obj.o(Region$$Table)
    Region$$Table$$Limit                     0x080078a8   Number         0  anon$$obj.o(Region$$Table)
    FS_Desc                                  0x2000001c   Data          28  usbd_desc.o(.data.FS_Desc)
    SystemCoreClock                          0x2000003c   Data           4  system_stm32f1xx.o(.data.SystemCoreClock)
    USBD_CUSTOM_HID                          0x20000040   Data          60  usbd_customhid.o(.data.USBD_CUSTOM_HID)
    USBD_CustomHID_fops_FS                   0x200000c0   Data          16  usbd_custom_hid_if.o(.data.USBD_CustomHID_fops_FS)
    USBD_FS_DeviceDesc                       0x200000d0   Data          18  usbd_desc.o(.data.USBD_FS_DeviceDesc)
    USBD_LangIDDesc                          0x200000e4   Data           4  usbd_desc.o(.data.USBD_LangIDDesc)
    boot_0_grad                              0x200000e8   Data        2304  s83_gui.o(.data.boot_0_grad)
    boot_45_grad                             0x200009e8   Data        2304  s83_gui.o(.data.boot_45_grad)
    encoder_volume                           0x200012e8   Data          16  stm32f1xx_it.o(.data.encoder_volume)
    flag_mode_vol_encoder                    0x200012f8   Data           4  s83_variables.o(.data.flag_mode_vol_encoder)
    pre_codec                                0x200012fc   Data           2  s83_gui.o(.data.pre_codec)
    pre_dac_bit                              0x200012fe   Data           2  s83_gui.o(.data.pre_dac_bit)
    pre_flags                                0x20001300   Data           2  s83_gui.o(.data.pre_flags)
    pre_freq_f                               0x20001302   Data           2  s83_gui.o(.data.pre_freq_f)
    pre_sr_dac                               0x20001304   Data           2  s83_gui.o(.data.pre_sr_dac)
    tim2_mode_1_counter                      0x20001308   Data           4  stm32f1xx_it.o(.data.tim2_mode_1_counter)
    tim2_mode_2_counter                      0x2000130c   Data           4  stm32f1xx_it.o(.data.tim2_mode_2_counter)
    uwTickFreq                               0x20001310   Data           1  stm32f1xx_hal.o(.data.uwTickFreq)
    uwTickPrio                               0x20001314   Data           4  stm32f1xx_hal.o(.data.uwTickPrio)
    RX_Buffer                                0x20001318   Data        1625  s83_variables.o(.bss.RX_Buffer)
    TX_Buffer                                0x20001978   Data          65  s83_variables.o(.bss.TX_Buffer)
    USBD_StrDesc                             0x200019bc   Data         512  usbd_desc.o(.bss.USBD_StrDesc)
    brightness_lcd                           0x20001c18   Data           1  s83_lcd.o(.bss.brightness_lcd)
    buttons_out                              0x20001c1c   Data           4  s83_keyboard.o(.bss.buttons_out)
    curr_theme                               0x20001c20   Data           8  s83_themes.o(.bss.curr_theme)
    flag_propusk_tim3                        0x20001c28   Data           4  stm32f1xx_it.o(.bss.flag_propusk_tim3)
    flag_ready_get_version                   0x20001c2c   Data           1  s83_variables.o(.bss.flag_ready_get_version)
    flag_ready_gui_colors                    0x20001c2d   Data           1  s83_variables.o(.bss.flag_ready_gui_colors)
    flag_ready_gui_frame                     0x20001c2e   Data           1  s83_variables.o(.bss.flag_ready_gui_frame)
    flag_ready_lcd_brig                      0x20001c2f   Data           1  s83_variables.o(.bss.flag_ready_lcd_brig)
    flag_ready_spi_data                      0x20001c30   Data           1  s83_variables.o(.bss.flag_ready_spi_data)
    flag_screen_mode                         0x20001c31   Data           1  s83_variables.o(.bss.flag_screen_mode)
    flag_screen_mode_pre                     0x20001c32   Data           1  s83_variables.o(.bss.flag_screen_mode_pre)
    hUsbDeviceFS                             0x20001c34   Data         548  usb_device.o(.bss.hUsbDeviceFS)
    hpcd_USB_FS                              0x20001e58   Data        1120  usbd_conf.o(.bss.hpcd_USB_FS)
    htim1                                    0x200022b8   Data          64  tim.o(.bss.htim1)
    htim2                                    0x200022f8   Data          64  tim.o(.bss.htim2)
    htim3                                    0x20002338   Data          64  tim.o(.bss.htim3)
    lcd_on                                   0x20002378   Data           1  s83_lcd.o(.bss.lcd_on)
    tim_2_mode                               0x2000237c   Data           4  stm32f1xx_it.o(.bss.tim_2_mode)
    uwTick                                   0x20002380   Data           4  stm32f1xx_hal.o(.bss.uwTick)
    __initial_sp                             0x20002788   Data           0  startup_stm32f103xb.o(STACK)



==============================================================================

Memory Map of the image

  Image Entry point : 0x080000ed

  Load Region LR_IROM1 (Base: 0x08000000, Size: 0x00008bc0, Max: 0x00008000, ABSOLUTE, COMPRESSED[0x00007e28])

    Execution Region ER_IROM1 (Exec base: 0x08000000, Load base: 0x08000000, Size: 0x000078a8, Max: 0x00008000, ABSOLUTE)

    Exec Addr    Load Addr    Size         Type   Attr      Idx    E Section Name        Object

    0x08000000   0x08000000   0x000000ec   Data   RO            3    RESET               startup_stm32f103xb.o
    0x080000ec   0x080000ec   0x00000000   Code   RO         1088  * .ARM.Collect$$$$00000000  mc_w.l(entry.o)
    0x080000ec   0x080000ec   0x00000004   Code   RO         1091    .ARM.Collect$$$$00000001  mc_w.l(entry2.o)
    0x080000f0   0x080000f0   0x00000004   Code   RO         1094    .ARM.Collect$$$$00000004  mc_w.l(entry5.o)
    0x080000f4   0x080000f4   0x00000000   Code   RO         1096    .ARM.Collect$$$$00000008  mc_w.l(entry7b.o)
    0x080000f4   0x080000f4   0x00000000   Code   RO         1098    .ARM.Collect$$$$0000000A  mc_w.l(entry8b.o)
    0x080000f4   0x080000f4   0x00000008   Code   RO         1099    .ARM.Collect$$$$0000000B  mc_w.l(entry9a.o)
    0x080000fc   0x080000fc   0x00000000   Code   RO         1101    .ARM.Collect$$$$0000000D  mc_w.l(entry10a.o)
    0x080000fc   0x080000fc   0x00000000   Code   RO         1103    .ARM.Collect$$$$0000000F  mc_w.l(entry11a.o)
    0x080000fc   0x080000fc   0x00000004   Code   RO         1092    .ARM.Collect$$$$00002712  mc_w.l(entry2.o)
    0x08000100   0x08000100   0x00000024   Code   RO            4    .text               startup_stm32f103xb.o
    0x08000124   0x08000124   0x00000024   Code   RO         1105    .text               mc_w.l(init.o)
    0x08000148   0x08000148   0x0000003a   Code   RO         1111    .text               mc_w.l(__dczerorl.o)
    0x08000182   0x08000182   0x00000002   PAD
    0x08000184   0x08000184   0x00000002   Code   RO          278    .text.BusFault_Handler  stm32f1xx_it.o
    0x08000186   0x08000186   0x00000004   Code   RO          253    .text.CUSTOM_HID_DeInit_FS  usbd_custom_hid_if.o
    0x0800018a   0x0800018a   0x00000004   Code   RO          251    .text.CUSTOM_HID_Init_FS  usbd_custom_hid_if.o
    0x0800018e   0x0800018e   0x00000002   PAD
    0x08000190   0x08000190   0x000000c8   Code   RO          255    .text.CUSTOM_HID_OutEvent_FS  usbd_custom_hid_if.o
    0x08000258   0x08000258   0x00000002   Code   RO          284    .text.DebugMon_Handler  stm32f1xx_it.o
    0x0800025a   0x0800025a   0x0000001e   Code   RO          260    .text.Disable_EXT_IRQ_buttons  stm32f1xx_it.o
    0x08000278   0x08000278   0x00000020   Code   RO          290    .text.EXTI0_IRQHandler  stm32f1xx_it.o
    0x08000298   0x08000298   0x0000003e   Code   RO          306    .text.EXTI15_10_IRQHandler  stm32f1xx_it.o
    0x080002d6   0x080002d6   0x0000002c   Code   RO          292    .text.EXTI3_IRQHandler  stm32f1xx_it.o
    0x08000302   0x08000302   0x0000004a   Code   RO          294    .text.EXTI4_IRQHandler  stm32f1xx_it.o
    0x0800034c   0x0800034c   0x00000042   Code   RO          298    .text.EXTI9_5_IRQHandler  stm32f1xx_it.o
    0x0800038e   0x0800038e   0x0000006c   Code   RO          262    .text.Enable_EXT_IRQ_buttons  stm32f1xx_it.o
    0x080003fa   0x080003fa   0x00000012   Code   RO          264    .text.Enable_TIMER  stm32f1xx_it.o
    0x0800040c   0x0800040c   0x0000009e   Code   RO           77    .text.GUI_clear_cursor  s83_gui.o
    0x080004aa   0x080004aa   0x000000aa   Code   RO           83    .text.GUI_clear_cursor_2  s83_gui.o
    0x08000554   0x08000554   0x00000004   Code   RO           87    .text.GUI_get_string_len  s83_gui.o
    0x08000558   0x08000558   0x00000024   Code   RO           65    .text.GUI_init      s83_gui.o
    0x0800057c   0x0800057c   0x00000120   Code   RO           69    .text.GUI_loading   s83_gui.o
    0x0800069c   0x0800069c   0x000000b0   Code   RO           75    .text.GUI_print_cursor  s83_gui.o
    0x0800074c   0x0800074c   0x000000b0   Code   RO           85    .text.GUI_print_cursor_2  s83_gui.o
    0x080007fc   0x080007fc   0x000003c0   Code   RO           71    .text.GUI_print_interface  s83_gui.o
    0x08000bbc   0x08000bbc   0x00000084   Code   RO           79    .text.GUI_print_scroll_bar  s83_gui.o
    0x08000c40   0x08000c40   0x00000140   Code   RO           67    .text.GUI_print_static_text  s83_gui.o
    0x08000d80   0x08000d80   0x00000068   Code   RO           81    .text.GUI_print_time_PB  s83_gui.o
    0x08000de8   0x08000de8   0x0000001e   Code   RO           49    .text.G_clear_screen  s83_graphics.o
    0x08000e06   0x08000e06   0x00000002   PAD
    0x08000e08   0x08000e08   0x0000005e   Code   RO           47    .text.G_fill_rectangle  s83_graphics.o
    0x08000e66   0x08000e66   0x00000002   PAD
    0x08000e68   0x08000e68   0x0000005a   Code   RO           51    .text.G_print_image  s83_graphics.o
    0x08000ec2   0x08000ec2   0x00000002   PAD
    0x08000ec4   0x08000ec4   0x000000b6   Code   RO           55    .text.G_print_image_gray  s83_graphics.o
    0x08000f7a   0x08000f7a   0x00000002   PAD
    0x08000f7c   0x08000f7c   0x00000154   Code   RO           59    .text.G_print_image_gray_r180grad  s83_graphics.o
    0x080010d0   0x080010d0   0x00000116   Code   RO           61    .text.G_print_image_gray_r270grad  s83_graphics.o
    0x080011e6   0x080011e6   0x00000002   PAD
    0x080011e8   0x080011e8   0x000000d8   Code   RO           57    .text.G_print_image_gray_r90grad  s83_graphics.o
    0x080012c0   0x080012c0   0x0000003c   Code   RO           45    .text.G_print_string_len_f8x16  s83_graphics.o
    0x080012fc   0x080012fc   0x0000008e   Code   RO           43    .text.G_print_sym_f8x16  s83_graphics.o
    0x0800138a   0x0800138a   0x00000002   PAD
    0x0800138c   0x0800138c   0x00000028   Code   RO          773    .text.HAL_Delay     stm32f1xx_hal.o
    0x080013b4   0x080013b4   0x00000002   Code   RO          308    .text.HAL_GPIO_EXTI_Callback  stm32f1xx_it.o
    0x080013b6   0x080013b6   0x00000016   Code   RO          851    .text.HAL_GPIO_EXTI_IRQHandler  stm32f1xx_hal_gpio.o
    0x080013cc   0x080013cc   0x000001ee   Code   RO          839    .text.HAL_GPIO_Init  stm32f1xx_hal_gpio.o
    0x080015ba   0x080015ba   0x0000000a   Code   RO          845    .text.HAL_GPIO_WritePin  stm32f1xx_hal_gpio.o
    0x080015c4   0x080015c4   0x0000000c   Code   RO          765    .text.HAL_GetTick   stm32f1xx_hal.o
    0x080015d0   0x080015d0   0x0000001a   Code   RO          763    .text.HAL_IncTick   stm32f1xx_hal.o
    0x080015ea   0x080015ea   0x00000026   Code   RO          753    .text.HAL_Init      stm32f1xx_hal.o
    0x08001610   0x08001610   0x00000050   Code   RO          755    .text.HAL_InitTick  stm32f1xx_hal.o
    0x08001660   0x08001660   0x0000009e   Code   RO          317    .text.HAL_MspInit   stm32f1xx_hal_msp.o
    0x080016fe   0x080016fe   0x0000001a   Code   RO          887    .text.HAL_NVIC_DisableIRQ  stm32f1xx_hal_cortex.o
    0x08001718   0x08001718   0x0000001a   Code   RO          885    .text.HAL_NVIC_EnableIRQ  stm32f1xx_hal_cortex.o
    0x08001732   0x08001732   0x00000056   Code   RO          883    .text.HAL_NVIC_SetPriority  stm32f1xx_hal_cortex.o
    0x08001788   0x08001788   0x00000020   Code   RO          881    .text.HAL_NVIC_SetPriorityGrouping  stm32f1xx_hal_cortex.o
    0x080017a8   0x080017a8   0x00000030   Code   RO          419    .text.HAL_PCDEx_PMAConfig  stm32f1xx_hal_pcd_ex.o
    0x080017d8   0x080017d8   0x00000002   Code   RO          227    .text.HAL_PCDEx_SetConnectionState  usbd_conf.o
    0x080017da   0x080017da   0x00000010   Code   RO          175    .text.HAL_PCD_DataInStageCallback  usbd_conf.o
    0x080017ea   0x080017ea   0x00000012   Code   RO          173    .text.HAL_PCD_DataOutStageCallback  usbd_conf.o
    0x080017fc   0x080017fc   0x00000040   Code   RO          398    .text.HAL_PCD_EP_Close  stm32f1xx_hal_pcd.o
    0x0800183c   0x0800183c   0x00000046   Code   RO          408    .text.HAL_PCD_EP_ClrStall  stm32f1xx_hal_pcd.o
    0x08001882   0x08001882   0x00000048   Code   RO          396    .text.HAL_PCD_EP_Open  stm32f1xx_hal_pcd.o
    0x080018ca   0x080018ca   0x0000002e   Code   RO          400    .text.HAL_PCD_EP_Receive  stm32f1xx_hal_pcd.o
    0x080018f8   0x080018f8   0x00000052   Code   RO          406    .text.HAL_PCD_EP_SetStall  stm32f1xx_hal_pcd.o
    0x0800194a   0x0800194a   0x00000028   Code   RO          404    .text.HAL_PCD_EP_Transmit  stm32f1xx_hal_pcd.o
    0x08001972   0x08001972   0x00000002   PAD
    0x08001974   0x08001974   0x000004de   Code   RO          366    .text.HAL_PCD_IRQHandler  stm32f1xx_hal_pcd.o
    0x08001e52   0x08001e52   0x00000002   PAD
    0x08001e54   0x08001e54   0x000000ce   Code   RO          354    .text.HAL_PCD_Init  stm32f1xx_hal_pcd.o
    0x08001f22   0x08001f22   0x00000046   Code   RO          167    .text.HAL_PCD_MspInit  usbd_conf.o
    0x08001f68   0x08001f68   0x0000001a   Code   RO          179    .text.HAL_PCD_ResetCallback  usbd_conf.o
    0x08001f82   0x08001f82   0x00000008   Code   RO          183    .text.HAL_PCD_ResumeCallback  usbd_conf.o
    0x08001f8a   0x08001f8a   0x00000008   Code   RO          177    .text.HAL_PCD_SOFCallback  usbd_conf.o
    0x08001f92   0x08001f92   0x00000028   Code   RO          370    .text.HAL_PCD_SetAddress  stm32f1xx_hal_pcd.o
    0x08001fba   0x08001fba   0x0000000e   Code   RO          171    .text.HAL_PCD_SetupStageCallback  usbd_conf.o
    0x08001fc8   0x08001fc8   0x00000032   Code   RO          364    .text.HAL_PCD_Start  stm32f1xx_hal_pcd.o
    0x08001ffa   0x08001ffa   0x00000022   Code   RO          181    .text.HAL_PCD_SuspendCallback  usbd_conf.o
    0x0800201c   0x0800201c   0x000000f2   Code   RO          832    .text.HAL_RCCEx_PeriphCLKConfig  stm32f1xx_hal_rcc_ex.o
    0x0800210e   0x0800210e   0x00000002   PAD
    0x08002110   0x08002110   0x0000015a   Code   RO          807    .text.HAL_RCC_ClockConfig  stm32f1xx_hal_rcc.o
    0x0800226a   0x0800226a   0x0000000c   Code   RO          817    .text.HAL_RCC_GetHCLKFreq  stm32f1xx_hal_rcc.o
    0x08002276   0x08002276   0x00000002   PAD
    0x08002278   0x08002278   0x00000060   Code   RO          809    .text.HAL_RCC_GetSysClockFreq  stm32f1xx_hal_rcc.o
    0x080022d8   0x080022d8   0x00000342   Code   RO          805    .text.HAL_RCC_OscConfig  stm32f1xx_hal_rcc.o
    0x0800261a   0x0800261a   0x00000018   Code   RO          905    .text.HAL_SYSTICK_CLKSourceConfig  stm32f1xx_hal_cortex.o
    0x08002632   0x08002632   0x00000002   Code   RO          909    .text.HAL_SYSTICK_Callback  stm32f1xx_hal_cortex.o
    0x08002634   0x08002634   0x0000002c   Code   RO          891    .text.HAL_SYSTICK_Config  stm32f1xx_hal_cortex.o
    0x08002660   0x08002660   0x00000004   Code   RO          907    .text.HAL_SYSTICK_IRQHandler  stm32f1xx_hal_cortex.o
    0x08002664   0x08002664   0x00000002   Code   RO          748    .text.HAL_TIMEx_BreakCallback  stm32f1xx_hal_tim_ex.o
    0x08002666   0x08002666   0x00000002   Code   RO          746    .text.HAL_TIMEx_CommutationCallback  stm32f1xx_hal_tim_ex.o
    0x08002668   0x08002668   0x00000046   Code   RO          744    .text.HAL_TIMEx_MasterConfigSynchronization  stm32f1xx_hal_tim_ex.o
    0x080026ae   0x080026ae   0x00000034   Code   RO          483    .text.HAL_TIM_Base_Init  stm32f1xx_hal_tim.o
    0x080026e2   0x080026e2   0x00000096   Code   RO          154    .text.HAL_TIM_Base_MspInit  tim.o
    0x08002778   0x08002778   0x0000001c   Code   RO          493    .text.HAL_TIM_Base_Start  stm32f1xx_hal_tim.o
    0x08002794   0x08002794   0x00000016   Code   RO          497    .text.HAL_TIM_Base_Start_IT  stm32f1xx_hal_tim.o
    0x080027aa   0x080027aa   0x00000030   Code   RO          495    .text.HAL_TIM_Base_Stop  stm32f1xx_hal_tim.o
    0x080027da   0x080027da   0x0000002a   Code   RO          499    .text.HAL_TIM_Base_Stop_IT  stm32f1xx_hal_tim.o
    0x08002804   0x08002804   0x000001c8   Code   RO          655    .text.HAL_TIM_ConfigClockSource  stm32f1xx_hal_tim.o
    0x080029cc   0x080029cc   0x00000002   Code   RO          613    .text.HAL_TIM_IC_CaptureCallback  stm32f1xx_hal_tim.o
    0x080029ce   0x080029ce   0x0000016a   Code   RO          611    .text.HAL_TIM_IRQHandler  stm32f1xx_hal_tim.o
    0x08002b38   0x08002b38   0x00000002   Code   RO          615    .text.HAL_TIM_OC_DelayElapsedCallback  stm32f1xx_hal_tim.o
    0x08002b3a   0x08002b3a   0x00000002   Code   RO          617    .text.HAL_TIM_PWM_PulseFinishedCallback  stm32f1xx_hal_tim.o
    0x08002b3c   0x08002b3c   0x00000002   Code   RO          619    .text.HAL_TIM_PeriodElapsedCallback  stm32f1xx_hal_tim.o
    0x08002b3e   0x08002b3e   0x00000002   Code   RO          621    .text.HAL_TIM_TriggerCallback  stm32f1xx_hal_tim.o
    0x08002b40   0x08002b40   0x00000002   Code   RO          274    .text.HardFault_Handler  stm32f1xx_it.o
    0x08002b42   0x08002b42   0x000003c8   Code   RO           14    .text.LCD_Init_ILI9481  s83_lcd.o
    0x08002f0a   0x08002f0a   0x000000c4   Code   RO           10    .text.LCD_set_window  s83_lcd.o
    0x08002fce   0x08002fce   0x00000160   Code   RO          145    .text.MX_GPIO_Init  gpio.o
    0x0800312e   0x0800312e   0x0000008a   Code   RO          148    .text.MX_TIM1_Init  tim.o
    0x080031b8   0x080031b8   0x00000084   Code   RO          150    .text.MX_TIM2_Init  tim.o
    0x0800323c   0x0800323c   0x0000008a   Code   RO          152    .text.MX_TIM3_Init  tim.o
    0x080032c6   0x080032c6   0x00000040   Code   RO          163    .text.MX_USB_DEVICE_Init  usb_device.o
    0x08003306   0x08003306   0x00000002   PAD
    0x08003308   0x08003308   0x00000002   Code   RO          276    .text.MemManage_Handler  stm32f1xx_it.o
    0x0800330a   0x0800330a   0x00000002   Code   RO          272    .text.NMI_Handler   stm32f1xx_it.o
    0x0800330c   0x0800330c   0x00000002   Code   RO          286    .text.PendSV_Handler  stm32f1xx_it.o
    0x0800330e   0x0800330e   0x00000070   Code   RO           39    .text.S83_buttons_read  s83_keyboard.o
    0x0800337e   0x0800337e   0x0000002e   Code   RO           31    .text.S83_buttons_send  s83_keyboard.o
    0x080033ac   0x080033ac   0x00000030   Code   RO           37    .text.S83_cursor_DOWN  s83_keyboard.o
    0x080033dc   0x080033dc   0x00000030   Code   RO           35    .text.S83_cursor_UP  s83_keyboard.o
    0x0800340c   0x0800340c   0x00000030   Code   RO           33    .text.S83_volume_DOWN  s83_keyboard.o
    0x0800343c   0x0800343c   0x00000030   Code   RO           29    .text.S83_volume_UP  s83_keyboard.o
    0x0800346c   0x0800346c   0x00000002   Code   RO          282    .text.SVC_Handler   stm32f1xx_it.o
    0x0800346e   0x0800346e   0x0000001a   Code   RO          268    .text.Switch_TIMER_2_mode_1  stm32f1xx_it.o
    0x08003488   0x08003488   0x0000001a   Code   RO          270    .text.Switch_TIMER_2_mode_2  stm32f1xx_it.o
    0x080034a2   0x080034a2   0x0000000e   Code   RO          288    .text.SysTick_Handler  stm32f1xx_it.o
    0x080034b0   0x080034b0   0x00000086   Code   RO          139    .text.SystemClock_Config  main.o
    0x08003536   0x08003536   0x00000050   Code   RO          339    .text.SystemInit    system_stm32f1xx.o
    0x08003586   0x08003586   0x000000a6   Code   RO          300    .text.TIM1_UP_IRQHandler  stm32f1xx_it.o
    0x0800362c   0x0800362c   0x00000090   Code   RO          302    .text.TIM2_IRQHandler  stm32f1xx_it.o
    0x080036bc   0x080036bc   0x00000054   Code   RO          304    .text.TIM3_IRQHandler  stm32f1xx_it.o
    0x08003710   0x08003710   0x0000008a   Code   RO          487    .text.TIM_Base_SetConfig  stm32f1xx_hal_tim.o
    0x0800379a   0x0800379a   0x0000000e   Code   RO         1072    .text.USBD_CUSTOM_HID_DataIn  usbd_customhid.o
    0x080037a8   0x080037a8   0x00000024   Code   RO         1074    .text.USBD_CUSTOM_HID_DataOut  usbd_customhid.o
    0x080037cc   0x080037cc   0x00000032   Code   RO         1066    .text.USBD_CUSTOM_HID_DeInit  usbd_customhid.o
    0x080037fe   0x080037fe   0x00000020   Code   RO         1070    .text.USBD_CUSTOM_HID_EP0_RxReady  usbd_customhid.o
    0x0800381e   0x0800381e   0x00000010   Code   RO         1076    .text.USBD_CUSTOM_HID_GetCfgDesc  usbd_customhid.o
    0x0800382e   0x0800382e   0x00000010   Code   RO         1078    .text.USBD_CUSTOM_HID_GetDeviceQualifierDesc  usbd_customhid.o
    0x0800383e   0x0800383e   0x00000048   Code   RO         1064    .text.USBD_CUSTOM_HID_Init  usbd_customhid.o
    0x08003886   0x08003886   0x0000000e   Code   RO         1082    .text.USBD_CUSTOM_HID_RegisterInterface  usbd_customhid.o
    0x08003894   0x08003894   0x0000002a   Code   RO         1080    .text.USBD_CUSTOM_HID_SendReport  usbd_customhid.o
    0x080038be   0x080038be   0x00000002   PAD
    0x080038c0   0x080038c0   0x000000b2   Code   RO         1068    .text.USBD_CUSTOM_HID_Setup  usbd_customhid.o
    0x08003972   0x08003972   0x0000000e   Code   RO         1008    .text.USBD_ClrClassConfig  usbd_core.o
    0x08003980   0x08003980   0x00000010   Code   RO         1055    .text.USBD_CtlContinueRx  usbd_ioreq.o
    0x08003990   0x08003990   0x00000010   Code   RO         1051    .text.USBD_CtlContinueSendData  usbd_ioreq.o
    0x080039a0   0x080039a0   0x00000016   Code   RO         1037    .text.USBD_CtlError  usbd_ctlreq.o
    0x080039b6   0x080039b6   0x0000001a   Code   RO         1053    .text.USBD_CtlPrepareRx  usbd_ioreq.o
    0x080039d0   0x080039d0   0x00000016   Code   RO         1059    .text.USBD_CtlReceiveStatus  usbd_ioreq.o
    0x080039e6   0x080039e6   0x0000001a   Code   RO         1049    .text.USBD_CtlSendData  usbd_ioreq.o
    0x08003a00   0x08003a00   0x00000016   Code   RO         1057    .text.USBD_CtlSendStatus  usbd_ioreq.o
    0x08003a16   0x08003a16   0x00000002   PAD
    0x08003a18   0x08003a18   0x0000002c   Code   RO          242    .text.USBD_FS_ConfigStrDescriptor  usbd_desc.o
    0x08003a44   0x08003a44   0x0000000e   Code   RO          232    .text.USBD_FS_DeviceDescriptor  usbd_desc.o
    0x08003a52   0x08003a52   0x00000002   PAD
    0x08003a54   0x08003a54   0x00000030   Code   RO          244    .text.USBD_FS_InterfaceStrDescriptor  usbd_desc.o
    0x08003a84   0x08003a84   0x0000000e   Code   RO          234    .text.USBD_FS_LangIDStrDescriptor  usbd_desc.o
    0x08003a92   0x08003a92   0x00000002   PAD
    0x08003a94   0x08003a94   0x00000028   Code   RO          236    .text.USBD_FS_ManufacturerStrDescriptor  usbd_desc.o
    0x08003abc   0x08003abc   0x00000034   Code   RO          238    .text.USBD_FS_ProductStrDescriptor  usbd_desc.o
    0x08003af0   0x08003af0   0x00000028   Code   RO          240    .text.USBD_FS_SerialStrDescriptor  usbd_desc.o
    0x08003b18   0x08003b18   0x00000064   Code   RO         1045    .text.USBD_GetString  usbd_ctlreq.o
    0x08003b7c   0x08003b7c   0x0000002a   Code   RO          994    .text.USBD_Init     usbd_core.o
    0x08003ba6   0x08003ba6   0x00000022   Code   RO          209    .text.USBD_LL_ClearStallEP  usbd_conf.o
    0x08003bc8   0x08003bc8   0x00000022   Code   RO          203    .text.USBD_LL_CloseEP  usbd_conf.o
    0x08003bea   0x08003bea   0x000000a2   Code   RO         1014    .text.USBD_LL_DataInStage  usbd_core.o
    0x08003c8c   0x08003c8c   0x00000064   Code   RO         1012    .text.USBD_LL_DataOutStage  usbd_core.o
    0x08003cf0   0x08003cf0   0x00000090   Code   RO          193    .text.USBD_LL_Init  usbd_conf.o
    0x08003d80   0x08003d80   0x0000001c   Code   RO          211    .text.USBD_LL_IsStallEP  usbd_conf.o
    0x08003d9c   0x08003d9c   0x00000028   Code   RO          201    .text.USBD_LL_OpenEP  usbd_conf.o
    0x08003dc4   0x08003dc4   0x00000022   Code   RO          217    .text.USBD_LL_PrepareReceive  usbd_conf.o
    0x08003de6   0x08003de6   0x0000003e   Code   RO         1016    .text.USBD_LL_Reset  usbd_core.o
    0x08003e24   0x08003e24   0x0000000e   Code   RO         1022    .text.USBD_LL_Resume  usbd_core.o
    0x08003e32   0x08003e32   0x00000018   Code   RO         1024    .text.USBD_LL_SOF   usbd_core.o
    0x08003e4a   0x08003e4a   0x00000008   Code   RO         1018    .text.USBD_LL_SetSpeed  usbd_core.o
    0x08003e52   0x08003e52   0x00000022   Code   RO          213    .text.USBD_LL_SetUSBAddress  usbd_conf.o
    0x08003e74   0x08003e74   0x0000005a   Code   RO         1010    .text.USBD_LL_SetupStage  usbd_core.o
    0x08003ece   0x08003ece   0x00000022   Code   RO          207    .text.USBD_LL_StallEP  usbd_conf.o
    0x08003ef0   0x08003ef0   0x00000022   Code   RO          197    .text.USBD_LL_Start  usbd_conf.o
    0x08003f12   0x08003f12   0x00000014   Code   RO         1020    .text.USBD_LL_Suspend  usbd_core.o
    0x08003f26   0x08003f26   0x00000022   Code   RO          215    .text.USBD_LL_Transmit  usbd_conf.o
    0x08003f48   0x08003f48   0x00000016   Code   RO         1043    .text.USBD_ParseSetupRequest  usbd_ctlreq.o
    0x08003f5e   0x08003f5e   0x0000000e   Code   RO          998    .text.USBD_RegisterClass  usbd_core.o
    0x08003f6c   0x08003f6c   0x0000001a   Code   RO         1006    .text.USBD_SetClassConfig  usbd_core.o
    0x08003f86   0x08003f86   0x0000000a   Code   RO         1000    .text.USBD_Start    usbd_core.o
    0x08003f90   0x08003f90   0x00000244   Code   RO         1035    .text.USBD_StdDevReq  usbd_ctlreq.o
    0x080041d4   0x080041d4   0x000000c6   Code   RO         1041    .text.USBD_StdEPReq  usbd_ctlreq.o
    0x0800429a   0x0800429a   0x00000044   Code   RO         1039    .text.USBD_StdItfReq  usbd_ctlreq.o
    0x080042de   0x080042de   0x00000002   Code   RO          225    .text.USBD_static_free  usbd_conf.o
    0x080042e0   0x080042e0   0x0000000a   Code   RO          223    .text.USBD_static_malloc  usbd_conf.o
    0x080042ea   0x080042ea   0x00000002   PAD
    0x080042ec   0x080042ec   0x0000023a   Code   RO          438    .text.USB_ActivateEndpoint  stm32f1xx_ll_usb.o
    0x08004526   0x08004526   0x00000004   Code   RO          424    .text.USB_CoreInit  stm32f1xx_ll_usb.o
    0x0800452a   0x0800452a   0x000000e0   Code   RO          440    .text.USB_DeactivateEndpoint  stm32f1xx_ll_usb.o
    0x0800460a   0x0800460a   0x00000004   Code   RO          458    .text.USB_DevConnect  stm32f1xx_ll_usb.o
    0x0800460e   0x0800460e   0x00000004   Code   RO          460    .text.USB_DevDisconnect  stm32f1xx_ll_usb.o
    0x08004612   0x08004612   0x00000026   Code   RO          432    .text.USB_DevInit   stm32f1xx_ll_usb.o
    0x08004638   0x08004638   0x00000014   Code   RO          428    .text.USB_DisableGlobalInt  stm32f1xx_ll_usb.o
    0x0800464c   0x0800464c   0x00000004   Code   RO          474    .text.USB_EP0_OutStart  stm32f1xx_ll_usb.o
    0x08004650   0x08004650   0x0000006a   Code   RO          452    .text.USB_EPClearStall  stm32f1xx_ll_usb.o
    0x080046ba   0x080046ba   0x00000050   Code   RO          450    .text.USB_EPSetStall  stm32f1xx_ll_usb.o
    0x0800470a   0x0800470a   0x00000002   PAD
    0x0800470c   0x0800470c   0x0000019e   Code   RO          442    .text.USB_EPStartXfer  stm32f1xx_ll_usb.o
    0x080048aa   0x080048aa   0x00000012   Code   RO          426    .text.USB_EnableGlobalInt  stm32f1xx_ll_usb.o
    0x080048bc   0x080048bc   0x0000000c   Code   RO          296    .text.USB_LP_CAN1_RX0_IRQHandler  stm32f1xx_it.o
    0x080048c8   0x080048c8   0x00000006   Code   RO          462    .text.USB_ReadInterrupts  stm32f1xx_ll_usb.o
    0x080048ce   0x080048ce   0x00000002   PAD
    0x080048d0   0x080048d0   0x0000001e   Code   RO          480    .text.USB_ReadPMA   stm32f1xx_ll_usb.o
    0x080048ee   0x080048ee   0x00000004   Code   RO          430    .text.USB_SetCurrentMode  stm32f1xx_ll_usb.o
    0x080048f2   0x080048f2   0x0000000c   Code   RO          456    .text.USB_SetDevAddress  stm32f1xx_ll_usb.o
    0x080048fe   0x080048fe   0x00000002   PAD
    0x08004900   0x08004900   0x0000001e   Code   RO          444    .text.USB_WritePMA  stm32f1xx_ll_usb.o
    0x0800491e   0x0800491e   0x00000002   PAD
    0x08004920   0x08004920   0x00000002   Code   RO          280    .text.UsageFault_Handler  stm32f1xx_it.o
    0x08004922   0x08004922   0x00000002   PAD
    0x08004924   0x08004924   0x00000002   Code   RO          141    .text._Error_Handler  main.o
    0x08004926   0x08004926   0x00000052   Code   RO          320    .text.get_encoder   s83_encoder.o
    0x08004978   0x08004978   0x00000010   Code   RO           24    .text.lcd_backlight_off  s83_lcd.o
    0x08004988   0x08004988   0x00000010   Code   RO           22    .text.lcd_backlight_on  s83_lcd.o
    0x08004998   0x08004998   0x000001f4   Code   RO          137    .text.main          main.o
    0x08004b8c   0x08004b8c   0x00000092   Code   RO           16    .text.set_data_595lcd  s83_lcd.o
    0x08004c1e   0x08004c1e   0x00000014   Code   RO           20    .text.set_lcd_brightness  s83_lcd.o
    0x08004c32   0x08004c32   0x00000002   PAD
    0x08004c34   0x08004c34   0x00000074   Code   RO          325    .text.sspi_transfer  s83_spi_software.o
    0x08004ca8   0x08004ca8   0x0000000e   Code   RO         1108    i.__scatterload_copy  mc_w.l(handlers.o)
    0x08004cb6   0x08004cb6   0x00000002   Code   RO         1109    i.__scatterload_null  mc_w.l(handlers.o)
    0x08004cb8   0x08004cb8   0x0000000e   Code   RO         1110    i.__scatterload_zeroinit  mc_w.l(handlers.o)
    0x08004cc6   0x08004cc6   0x00000002   PAD
    0x08004cc8   0x08004cc8   0x00000030   Data   RO          135    .rodata..Lswitch.table.GUI_print_interface.17  s83_gui.o
    0x08004cf8   0x08004cf8   0x00000010   Data   RO          344    .rodata.AHBPrescTable  system_stm32f1xx.o
    0x08004d08   0x08004d08   0x00000012   Data   RO          115    .rodata.af_aac      s83_gui.o
    0x08004d1a   0x08004d1a   0x00000012   Data   RO          116    .rodata.af_ac3      s83_gui.o
    0x08004d2c   0x08004d2c   0x00000012   Data   RO          120    .rodata.af_ape      s83_gui.o
    0x08004d3e   0x08004d3e   0x00000012   Data   RO          122    .rodata.af_dsd      s83_gui.o
    0x08004d50   0x08004d50   0x00000012   Data   RO          111    .rodata.af_flac     s83_gui.o
    0x08004d62   0x08004d62   0x00000012   Data   RO          112    .rodata.af_m4a      s83_gui.o
    0x08004d74   0x08004d74   0x00000012   Data   RO          117    .rodata.af_mp3      s83_gui.o
    0x08004d86   0x08004d86   0x00000012   Data   RO          121    .rodata.af_mpc      s83_gui.o
    0x08004d98   0x08004d98   0x00000012   Data   RO          110    .rodata.af_null     s83_gui.o
    0x08004daa   0x08004daa   0x00000012   Data   RO          114    .rodata.af_ogg      s83_gui.o
    0x08004dbc   0x08004dbc   0x00000012   Data   RO          113    .rodata.af_wav      s83_gui.o
    0x08004dce   0x08004dce   0x00000012   Data   RO          119    .rodata.af_wma      s83_gui.o
    0x08004de0   0x08004de0   0x00000012   Data   RO          118    .rodata.af_wv       s83_gui.o
    0x08004df2   0x08004df2   0x00001000   Data   RO           63    .rodata.font_8x16   s83_graphics.o
    0x08005df2   0x08005df2   0x000003c0   Data   RO           89    .rodata.image_POFF_24x20  s83_gui.o
    0x080061b2   0x080061b2   0x000003c0   Data   RO           92    .rodata.image_back_24x20  s83_gui.o
    0x08006572   0x08006572   0x000003c0   Data   RO           91    .rodata.image_folder_24x20  s83_gui.o
    0x08006932   0x08006932   0x000003c0   Data   RO           96    .rodata.image_pause_24x20  s83_gui.o
    0x08006cf2   0x08006cf2   0x000003c0   Data   RO           95    .rodata.image_play_24x20  s83_gui.o
    0x080070b2   0x080070b2   0x000003c0   Data   RO           93    .rodata.image_spk_24x20  s83_gui.o
    0x08007472   0x08007472   0x000003c0   Data   RO           94    .rodata.image_vol_24x20  s83_gui.o
    0x08007832   0x08007832   0x00000006   Data   RO          132    .rodata.sr_0        s83_gui.o
    0x08007838   0x08007838   0x00000006   Data   RO          128    .rodata.sr_176400   s83_gui.o
    0x0800783e   0x0800783e   0x00000006   Data   RO          129    .rodata.sr_192000   s83_gui.o
    0x08007844   0x08007844   0x00000006   Data   RO          123    .rodata.sr_32000    s83_gui.o
    0x0800784a   0x0800784a   0x00000006   Data   RO          130    .rodata.sr_352800   s83_gui.o
    0x08007850   0x08007850   0x00000006   Data   RO          131    .rodata.sr_384000   s83_gui.o
    0x08007856   0x08007856   0x00000006   Data   RO          124    .rodata.sr_44100    s83_gui.o
    0x0800785c   0x0800785c   0x00000006   Data   RO          125    .rodata.sr_48000    s83_gui.o
    0x08007862   0x08007862   0x00000006   Data   RO          133    .rodata.sr_705600   s83_gui.o
    0x08007868   0x08007868   0x00000006   Data   RO          126    .rodata.sr_88200    s83_gui.o
    0x0800786e   0x0800786e   0x00000006   Data   RO          127    .rodata.sr_96000    s83_gui.o
    0x08007874   0x08007874   0x00000005   Data   RO          109    .rodata.str1.1      s83_gui.o
    0x08007879   0x08007879   0x0000000d   Data   RO          159    .rodata.str1.1      tim.o
    0x08007886   0x08007886   0x00000002   PAD
    0x08007888   0x08007888   0x00000020   Data   RO         1107    Region$$Table       anon$$obj.o


    Execution Region RW_IRAM1 (Exec base: 0x20000000, Load base: 0x080078a8, Size: 0x00002788, Max: 0x00002800, ABSOLUTE, COMPRESSED[0x00000580])

    Exec Addr    Load Addr    Size         Type   Attr      Idx    E Section Name        Object

    0x20000000   COMPRESSED   0x0000001c   Data   RW          257    .data.CUSTOM_HID_ReportDesc_FS  usbd_custom_hid_if.o
    0x2000001c   COMPRESSED   0x0000001c   Data   RW          246    .data.FS_Desc       usbd_desc.o
    0x20000038   COMPRESSED   0x00000004   Data   RW          134    .data.GUI_print_time_PB.pre_percent  s83_gui.o
    0x2000003c   COMPRESSED   0x00000004   Data   RW          343    .data.SystemCoreClock  system_stm32f1xx.o
    0x20000040   COMPRESSED   0x0000003c   Data   RW         1084    .data.USBD_CUSTOM_HID  usbd_customhid.o
    0x2000007c   COMPRESSED   0x00000029   Data   RW         1086    .data.USBD_CUSTOM_HID_CfgDesc  usbd_customhid.o
    0x200000a5   COMPRESSED   0x00000003   PAD
    0x200000a8   COMPRESSED   0x00000009   Data   RW         1085    .data.USBD_CUSTOM_HID_Desc  usbd_customhid.o
    0x200000b1   COMPRESSED   0x00000003   PAD
    0x200000b4   COMPRESSED   0x0000000a   Data   RW         1087    .data.USBD_CUSTOM_HID_DeviceQualifierDesc  usbd_customhid.o
    0x200000be   COMPRESSED   0x00000002   PAD
    0x200000c0   COMPRESSED   0x00000010   Data   RW          258    .data.USBD_CustomHID_fops_FS  usbd_custom_hid_if.o
    0x200000d0   COMPRESSED   0x00000012   Data   RW          247    .data.USBD_FS_DeviceDesc  usbd_desc.o
    0x200000e2   COMPRESSED   0x00000002   PAD
    0x200000e4   COMPRESSED   0x00000004   Data   RW          248    .data.USBD_LangIDDesc  usbd_desc.o
    0x200000e8   COMPRESSED   0x00000900   Data   RW          102    .data.boot_0_grad   s83_gui.o
    0x200009e8   COMPRESSED   0x00000900   Data   RW          103    .data.boot_45_grad  s83_gui.o
    0x200012e8   COMPRESSED   0x00000010   Data   RW          310    .data.encoder_volume  stm32f1xx_it.o
    0x200012f8   COMPRESSED   0x00000004   Data   RW          335    .data.flag_mode_vol_encoder  s83_variables.o
    0x200012fc   COMPRESSED   0x00000002   Data   RW          107    .data.pre_codec     s83_gui.o
    0x200012fe   COMPRESSED   0x00000002   Data   RW          105    .data.pre_dac_bit   s83_gui.o
    0x20001300   COMPRESSED   0x00000002   Data   RW          108    .data.pre_flags     s83_gui.o
    0x20001302   COMPRESSED   0x00000002   Data   RW          106    .data.pre_freq_f    s83_gui.o
    0x20001304   COMPRESSED   0x00000002   Data   RW          104    .data.pre_sr_dac    s83_gui.o
    0x20001306   COMPRESSED   0x00000002   PAD
    0x20001308   COMPRESSED   0x00000004   Data   RW          312    .data.tim2_mode_1_counter  stm32f1xx_it.o
    0x2000130c   COMPRESSED   0x00000004   Data   RW          313    .data.tim2_mode_2_counter  stm32f1xx_it.o
    0x20001310   COMPRESSED   0x00000001   Data   RW          800    .data.uwTickFreq    stm32f1xx_hal.o
    0x20001311   COMPRESSED   0x00000003   PAD
    0x20001314   COMPRESSED   0x00000004   Data   RW          799    .data.uwTickPrio    stm32f1xx_hal.o
    0x20001318        -       0x00000659   Zero   RW          336    .bss.RX_Buffer      s83_variables.o
    0x20001971   COMPRESSED   0x00000003   PAD
    0x20001974        -       0x00000004   Zero   RW          315    .bss.TIM1_UP_IRQHandler.counter_dis  stm32f1xx_it.o
    0x20001978        -       0x00000041   Zero   RW          337    .bss.TX_Buffer      s83_variables.o
    0x200019b9        -       0x00000001   Zero   RW         1047    .bss.USBD_SetConfig.cfgidx  usbd_ctlreq.o
    0x200019ba   COMPRESSED   0x00000002   PAD
    0x200019bc        -       0x00000200   Zero   RW          249    .bss.USBD_StrDesc   usbd_desc.o
    0x20001bbc        -       0x0000005c   Zero   RW          230    .bss.USBD_static_malloc.mem  usbd_conf.o
    0x20001c18        -       0x00000001   Zero   RW           26    .bss.brightness_lcd  s83_lcd.o
    0x20001c19   COMPRESSED   0x00000003   PAD
    0x20001c1c        -       0x00000004   Zero   RW           41    .bss.buttons_out    s83_keyboard.o
    0x20001c20        -       0x00000008   Zero   RW          323    .bss.curr_theme     s83_themes.o
    0x20001c28        -       0x00000004   Zero   RW          314    .bss.flag_propusk_tim3  stm32f1xx_it.o
    0x20001c2c        -       0x00000001   Zero   RW          331    .bss.flag_ready_get_version  s83_variables.o
    0x20001c2d        -       0x00000001   Zero   RW          332    .bss.flag_ready_gui_colors  s83_variables.o
    0x20001c2e        -       0x00000001   Zero   RW          328    .bss.flag_ready_gui_frame  s83_variables.o
    0x20001c2f        -       0x00000001   Zero   RW          330    .bss.flag_ready_lcd_brig  s83_variables.o
    0x20001c30        -       0x00000001   Zero   RW          329    .bss.flag_ready_spi_data  s83_variables.o
    0x20001c31        -       0x00000001   Zero   RW          333    .bss.flag_screen_mode  s83_variables.o
    0x20001c32        -       0x00000001   Zero   RW          334    .bss.flag_screen_mode_pre  s83_variables.o
    0x20001c33   COMPRESSED   0x00000001   PAD
    0x20001c34        -       0x00000224   Zero   RW          165    .bss.hUsbDeviceFS   usb_device.o
    0x20001e58        -       0x00000460   Zero   RW          229    .bss.hpcd_USB_FS    usbd_conf.o
    0x200022b8        -       0x00000040   Zero   RW          158    .bss.htim1          tim.o
    0x200022f8        -       0x00000040   Zero   RW          160    .bss.htim2          tim.o
    0x20002338        -       0x00000040   Zero   RW          161    .bss.htim3          tim.o
    0x20002378        -       0x00000001   Zero   RW           27    .bss.lcd_on         s83_lcd.o
    0x20002379   COMPRESSED   0x00000003   PAD
    0x2000237c        -       0x00000004   Zero   RW          311    .bss.tim_2_mode     stm32f1xx_it.o
    0x20002380        -       0x00000004   Zero   RW          801    .bss.uwTick         stm32f1xx_hal.o
    0x20002384   COMPRESSED   0x00000004   PAD
    0x20002388        -       0x00000400   Zero   RW            1    STACK               startup_stm32f103xb.o


==============================================================================

Image component sizes


      Code (inc. data)   RO Data    RW Data    ZI Data      Debug   Object Name

       352          0          0          0          0          0   gpio.o
       636         20          0          0          0          0   main.o
        82          0          0          0          0          0   s83_encoder.o
      1432          0       4096          0          0          0   s83_graphics.o
      2524        188       7073       4622          0          0   s83_gui.o
       350          0          0          0          4          0   s83_keyboard.o
      1362          0          0          0          2          0   s83_lcd.o
       116          0          0          0          0          0   s83_spi_software.o
         0          0          0          0          8          0   s83_themes.o
         0          0          0          4       1697          0   s83_variables.o
        36          8        236          0       1024          0   startup_stm32f103xb.o
       196          0          0          5          4          0   stm32f1xx_hal.o
       244          0          0          0          0          0   stm32f1xx_hal_cortex.o
       526          4          0          0          0          0   stm32f1xx_hal_gpio.o
       158          0          0          0          0          0   stm32f1xx_hal_msp.o
      1916          0          0          0          0          0   stm32f1xx_hal_pcd.o
        48          0          0          0          0          0   stm32f1xx_hal_pcd_ex.o
      1288         20          0          0          0          0   stm32f1xx_hal_rcc.o
       242          0          0          0          0          0   stm32f1xx_hal_rcc_ex.o
      1158          0          0          0          0          0   stm32f1xx_hal_tim.o
        74          0          0          0          0          0   stm32f1xx_hal_tim_ex.o
       924          0          0         24         12          0   stm32f1xx_it.o
      1568          4          0          0          0          0   stm32f1xx_ll_usb.o
        80          0         16          4          0          0   system_stm32f1xx.o
       558          0         13          0        192          0   tim.o
        64          0          0          0        548          0   usb_device.o
       658         20          0          0       1212          0   usbd_conf.o
       586          0          0          0          0          0   usbd_core.o
       990         24          0          0          1          0   usbd_ctlreq.o
       208          0          0         44          0          0   usbd_custom_hid_if.o
       470         10          0        120          0          0   usbd_customhid.o
       252        104          0         50        512          0   usbd_desc.o
       128          0          0          0          0          0   usbd_ioreq.o

    ----------------------------------------------------------------------
     19272        402      11468       4888       5232          0   Object Totals
         0          0         32          0          0          0   (incl. Generated)
        46          0          2         15         16          0   (incl. Padding)

    ----------------------------------------------------------------------

      Code (inc. data)   RO Data    RW Data    ZI Data      Debug   Library Member Name

        58          0          0          0          0          0   __dczerorl.o
         0          0          0          0          0          0   entry.o
         0          0          0          0          0          0   entry10a.o
         0          0          0          0          0          0   entry11a.o
         8          4          0          0          0          0   entry2.o
         4          0          0          0          0          0   entry5.o
         0          0          0          0          0          0   entry7b.o
         0          0          0          0          0          0   entry8b.o
         8          4          0          0          0          0   entry9a.o
        30          0          0          0          0          0   handlers.o
        36          8          0          0          0          0   init.o

    ----------------------------------------------------------------------
       148         16          0          0          0          0   Library Totals
         4          0          0          0          0          0   (incl. Padding)

    ----------------------------------------------------------------------

      Code (inc. data)   RO Data    RW Data    ZI Data      Debug   Library Name

       144         16          0          0          0          0   mc_w.l

    ----------------------------------------------------------------------
       148         16          0          0          0          0   Library Totals

    ----------------------------------------------------------------------

==============================================================================


      Code (inc. data)   RO Data    RW Data    ZI Data      Debug   

     19420        418      11468       4888       5232          0   Grand Totals
     19420        418      11468       1408       5232          0   ELF Image Totals (compressed)
     19420        418      11468       1408          0          0   ROM Totals

==============================================================================

    Total RO  Size (Code + RO Data)                30888 (  30.16kB)
    Total RW  Size (RW Data + ZI Data)             10120 (   9.88kB)
    Total ROM Size (Code + RO Data + RW Data)      32296 (  31.54kB)

==============================================================================

